# Z	N	A	e	B/A_MeV	name
66	66	132	66	7.7731	Hexhex-ium-132
57	57	114	58	8.0141	Pentsept-ium-114
2	2	4	2	7.2603	He-4
73	73	146	72	7.5523	Septtri-ium-146
80	81	161	80	7.3967	Octnil-ium-161
58	58	116	59	8.0043	Pentoct-ium-116
40	41	81	40	8.5176	Quadnil-ium-81
32	33	65	32	8.6686	Ge-65
74	74	148	73	7.5349	Septquad-ium-148
41	41	82	42	8.4147	Quadun-ium-82
17	17	34	18	8.4934	Cl-34
49	50	99	49	8.3136	Quadenn-ium-99
9	10	19	9	8.0540	F-19
58	59	117	59	8.0513	Pentoct-ium-117
33	33	66	33	8.5596	As-66
86	140	226	86	7.7525	Octhex-ium-226
34	34	68	34	8.5848	Se-68
80	82	162	81	7.4576	Octnil-ium-162
86	141	227	86	7.7374	Octhex-ium-227
67	67	134	69	7.7293	Hexsept-ium-134
35	35	70	35	8.5290	Br-70
50	51	101	51	8.2869	Pentnil-ium-101
17	18	35	17	8.6498	Cl-35
25	26	51	25	8.7354	Mn-51
34	35	69	34	8.6364	Se-69
67	68	135	70	7.7890	Hexsept-ium-135
82	118	200	82	7.9622	Octbi-ium-200
34	36	70	34	8.7155	Se-70
97	143	240	97	7.6229	Ennsept-ium-240
74	75	149	73	7.5791	Septquad-ium-149
35	36	71	35	8.6188	Br-71
98	143	241	98	7.6068	Ennoct-ium-241
50	52	102	50	8.3517	Pentnil-ium-102
3	3	6	4	4.8523	Li-6
41	42	83	42	8.4953	Quadun-ium-83
10	11	21	10	8.1900	Ne-21
11	12	23	11	8.3004	Na-23
26	27	53	27	8.7314	Fe-53
18	19	37	19	8.6763	Ar-37
35	37	72	35	8.6600	Br-72
4	4	8	5	6.8608	Be-8
110	153	263	110	7.3290	Ununnil-ium-263
83	119	202	83	7.9269	Octtri-ium-202
41	43	84	43	8.5380	Quadun-ium-84
102	133	235	102	7.4522	Unnilbi-ium-235
35	38	73	33	8.7277	Br-73
84	120	204	84	7.9142	Octquad-ium-204
81	82	163	82	7.3753	Octun-ium-163
96	147	243	96	7.6274	Ennhex-ium-243
90	131	221	90	7.7779	Ennnil-ium-221
51	53	104	50	8.2885	Pentun-ium-104
50	53	103	49	8.3893	Pentnil-ium-103
99	143	242	101	7.5830	Ennenn-ium-242
91	131	222	90	7.7556	Ennun-ium-222
12	13	25	10	8.3907	Mg-25
120	198	318	120	7.0906	Unbinil-ium-318
51	54	105	50	8.3475	Pentun-ium-105
121	199	320	121	7.0709	Unbiun-ium-320
100	143	243	103	7.5635	Unnilnil-ium-243
27	27	54	29	8.6171	Co-54
59	76	135	59	8.4411	Pentenn-ium-135
50	54	104	49	8.4431	Pentnil-ium-104
100	144	244	103	7.5671	Unnilnil-ium-244
111	153	264	111	7.2968	Ununun-ium-264
92	131	223	91	7.7381	Ennbi-ium-223
85	121	206	86	7.8859	Octpent-ium-206
93	131	224	92	7.7120	Enntri-ium-224
101	133	234	101	7.4850	Unnilun-ium-234
13	14	27	11	8.4648	Al-27
97	148	245	98	7.6096	Ennsept-ium-245
101	134	235	102	7.4963	Unnilun-ium-235
82	83	165	83	7.3447	Octbi-ium-165
86	121	207	87	7.8689	Octhex-ium-207
94	131	225	93	7.6906	Ennquad-ium-225
95	132	227	94	7.6673	Ennpent-ium-227
102	134	236	103	7.4646	Unnilbi-ium-236
41	44	85	43	8.6021	Quadun-ium-85
102	135	237	103	7.4701	Unnilbi-ium-237
97	149	246	98	7.6020	Ennsept-ium-246
14	15	29	12	8.5258	Si-29
87	121	208	88	7.8422	Octsept-ium-208
41	45	86	42	8.6304	Quadun-ium-86
59	77	136	59	8.4377	Pentenn-ium-136
81	83	164	82	7.4069	Octun-ium-164
42	46	88	43	8.6348	Quadbi-ium-88
28	28	56	28	8.7724	Ni-56
95	133	228	94	7.6664	Ennpent-ium-228
19	19	38	20	8.5544	K-38
96	133	229	94	7.6436	Ennhex-ium-229
100	145	245	103	7.5643	Unnilnil-ium-245
15	15	30	14	8.4016	P-30
122	199	321	121	7.0612	Unbibi-ium-321
43	47	90	44	8.5844	Quadtri-ium-90
50	55	105	48	8.4710	Pentnil-ium-105
28	29	57	29	8.7435	Ni-57
82	84	166	83	7.3957	Octbi-ium-166
44	48	92	45	8.5859	Quadquad-ium-92
19	20	39	20	8.7355	K-39
98	149	247	100	7.5914	Ennoct-ium-247
88	149	237	88	7.6422	Octoct-ium-237
112	154	266	112	7.2770	Ununbi-ium-266
111	154	265	111	7.3045	Ununun-ium-265
112	155	267	112	7.2798	Ununbi-ium-267
111	155	266	111	7.3065	Ununun-ium-266
99	149	248	102	7.5734	Ennenn-ium-248
88	121	209	89	7.8209	Octoct-ium-209
51	56	107	49	8.4297	Pentun-ium-107
29	30	59	30	8.7073	Cu-59
60	78	138	60	8.4298	Hexnil-ium-138
30	30	60	31	8.6439	Zn-60
97	134	231	95	7.6197	Ennsept-ium-231
89	149	238	89	7.6429	Octenn-ium-238
19	21	40	20	8.7143	K-40
98	134	232	96	7.5945	Ennoct-ium-232
100	149	249	103	7.5595	Unnilnil-ium-249
81	98	179	81	7.8607	Octun-ium-179
112	156	268	112	7.2873	Ununbi-ium-268
81	99	180	81	7.8725	Octun-ium-180
101	145	246	103	7.5393	Unnilun-ium-246
99	135	234	96	7.5635	Ennenn-ium-234
100	136	236	97	7.5448	Unnilnil-ium-236
102	145	247	104	7.5184	Unnilbi-ium-247
111	156	267	113	7.3131	Ununun-ium-267
100	137	237	97	7.5468	Unnilnil-ium-237
16	15	31	16	8.3568	S-31
61	78	139	61	8.3952	Hexun-ium-139
82	85	167	82	7.4339	Octbi-ium-167
123	199	322	119	7.0466	Unbitri-ium-322
17	15	32	18	8.1354	Cl-32
20	21	41	20	8.7493	Ca-41
100	138	238	98	7.5542	Unnilnil-ium-238
82	86	168	82	7.4804	Octbi-ium-168
101	150	251	105	7.5395	Unnilun-ium-251
45	48	93	46	8.5054	Quadpent-ium-93
111	157	268	114	7.3141	Ununun-ium-268
84	137	221	84	7.7828	Octquad-ium-221
82	99	181	82	7.8400	Octbi-ium-181
103	145	248	105	7.4902	Unniltri-ium-248
89	121	210	89	7.7902	Octenn-ium-210
45	49	94	46	8.5362	Quadpent-ium-94
112	157	269	115	7.2891	Ununbi-ium-269
50	56	106	47	8.5149	Pentnil-ium-106
60	79	139	59	8.4254	Hexnil-ium-139
102	151	253	106	7.5191	Unnilbi-ium-253
61	79	140	60	8.3938	Hexun-ium-140
81	86	167	81	7.5366	Octun-ium-167
62	79	141	61	8.3715	Hexbi-ium-141
16	16	32	17	8.5755	S-32
44	49	93	45	8.6101	Quadquad-ium-93
85	137	222	85	7.7800	Octpent-ium-222
101	139	240	97	7.5238	Unnilun-ium-240
89	150	239	89	7.6334	Octenn-ium-239
90	151	241	90	7.6240	Ennnil-ium-241
123	200	323	118	7.0446	Unbitri-ium-323
63	79	142	62	8.3319	Hextri-ium-142
45	50	95	46	8.6015	Quadpent-ium-95
46	50	96	47	8.5507	Quadhex-ium-96
89	122	211	88	7.7974	Octenn-ium-211
47	51	98	48	8.4860	Quadsept-ium-98
124	201	325	119	7.0276	Unbiquad-ium-325
80	86	166	80	7.6101	Octnil-ium-166
80	87	167	80	7.6399	Octnil-ium-167
102	140	242	98	7.5052	Unnilbi-ium-242
86	137	223	86	7.7817	Octhex-ium-223
81	88	169	81	7.6089	Octun-ium-169
89	123	212	88	7.7964	Octenn-ium-212
53	63	116	53	8.5015	Penttri-ium-116
110	157	267	112	7.3429	Ununnil-ium-267
90	124	214	89	7.7802	Ennnil-ium-214
54	64	118	54	8.4936	Pentquad-ium-118
125	201	326	120	7.0119	Unbipent-ium-326
111	158	269	112	7.3197	Ununun-ium-269
91	125	216	90	7.7495	Ennun-ium-216
90	152	242	91	7.6146	Ennnil-ium-242
64	79	143	63	8.3017	Hexquad-ium-143
103	151	254	106	7.4965	Unniltri-ium-254
51	57	108	49	8.4540	Pentun-ium-108
46	51	97	47	8.5607	Quadhex-ium-97
91	152	243	92	7.6140	Ennun-ium-243
50	57	107	48	8.5340	Pentnil-ium-107
46	52	98	47	8.6045	Quadhex-ium-98
50	58	108	48	8.5691	Pentnil-ium-108
103	152	255	105	7.4985	Unniltri-ium-255
125	202	327	120	7.0104	Unbipent-ium-327
65	80	145	65	8.2755	Hexpent-ium-145
101	140	241	96	7.5309	Unnilun-ium-241
103	146	249	106	7.4954	Unniltri-ium-249
91	153	244	92	7.5992	Ennun-ium-244
92	153	245	93	7.6034	Ennbi-ium-245
82	88	170	81	7.5565	Octbi-ium-170
65	81	146	65	8.2813	Hexpent-ium-146
45	52	97	45	8.6439	Quadpent-ium-97
65	82	147	65	8.3080	Hexpent-ium-147
110	158	268	111	7.3477	Ununnil-ium-268
110	159	269	111	7.3469	Ununnil-ium-269
103	147	250	105	7.4945	Unniltri-ium-250
87	137	224	87	7.7745	Octsept-ium-224
103	148	251	105	7.4986	Unniltri-ium-251
88	137	225	88	7.7717	Octoct-ium-225
102	141	243	97	7.5067	Unnilbi-ium-243
89	138	227	89	7.7564	Octenn-ium-227
82	89	171	81	7.5866	Octbi-ium-171
103	141	244	98	7.4745	Unniltri-ium-244
51	58	109	49	8.4939	Pentun-ium-109
110	160	270	110	7.3507	Ununnil-ium-270
66	82	148	66	8.2780	Hexhex-ium-148
102	148	250	103	7.5240	Unnilbi-ium-250
126	202	328	122	7.0025	Unbihex-ium-328
104	153	257	106	7.4776	Unnilquad-ium-257
104	148	252	105	7.4773	Unnilquad-ium-252
127	203	330	123	6.9761	Unbisept-ium-330
82	90	172	79	7.6247	Octbi-ium-172
91	126	217	92	7.7627	Ennun-ium-217
55	65	120	54	8.4505	Pentpent-ium-120
105	149	254	106	7.4487	Unnilpent-ium-254
91	127	218	92	7.7544	Ennun-ium-218
104	154	258	106	7.4794	Unnilquad-ium-258
90	138	228	89	7.7504	Ennnil-ium-228
56	66	122	55	8.4410	Penthex-ium-122
46	53	99	46	8.6201	Quadhex-ium-99
47	53	100	47	8.5568	Quadsept-ium-100
115	189	304	115	7.1862	Ununpent-ium-304
105	154	259	106	7.4564	Unnilpent-ium-259
67	82	149	67	8.2321	Hexsept-ium-149
57	67	124	56	8.3979	Pentsept-ium-124
105	155	260	105	7.4533	Unnilpent-ium-260
105	156	261	105	7.4549	Unnilpent-ium-261
68	82	150	68	8.1951	Hexoct-ium-150
90	127	217	90	7.7815	Ennnil-ium-217
69	82	151	69	8.1428	Hexenn-ium-151
104	141	245	101	7.4468	Unnilquad-ium-245
127	204	331	123	6.9752	Unbisept-ium-331
84	131	215	84	7.8475	Octquad-ium-215
70	83	153	70	8.1043	Septnil-ium-153
104	149	253	104	7.4762	Unnilquad-ium-253
93	154	247	95	7.5922	Enntri-ium-247
116	189	305	117	7.1781	Ununhex-ium-305
57	68	125	56	8.4252	Pentsept-ium-125
127	205	332	123	6.9703	Unbisept-ium-332
110	165	275	110	7.3478	Ununnil-ium-275
90	139	229	90	7.7405	Ennnil-ium-229
85	132	217	84	7.8331	Octpent-ium-217
91	139	230	91	7.7271	Ennun-ium-230
104	142	246	101	7.4554	Unnilquad-ium-246
57	69	126	56	8.4337	Pentsept-ium-126
110	166	276	110	7.3489	Ununnil-ium-276
91	140	231	91	7.7242	Ennun-ium-231
91	128	219	92	7.7592	Ennun-ium-219
126	205	331	122	6.9905	Unbihex-ium-331
86	133	219	85	7.8181	Octhex-ium-219
117	190	307	118	7.1620	Ununsept-ium-307
51	59	110	51	8.5100	Pentun-ium-110
105	142	247	101	7.4213	Unnilpent-ium-247
92	129	221	91	7.7366	Ennbi-ium-221
92	130	222	91	7.7411	Ennbi-ium-222
111	166	277	112	7.3272	Ununun-ium-277
50	59	109	51	8.5803	Pentnil-ium-109
92	140	232	91	7.7163	Ennbi-ium-232
112	166	278	114	7.3091	Ununbi-ium-278
112	167	279	114	7.3064	Ununbi-ium-279
94	155	249	94	7.5805	Ennquad-ium-249
111	167	278	113	7.3238	Ununun-ium-278
87	134	221	86	7.8026	Octsept-ium-221
50	60	110	50	8.6074	Pentnil-ium-110
82	91	173	80	7.6510	Octbi-ium-173
93	132	225	92	7.7161	Enntri-ium-225
51	61	112	51	8.5506	Pentun-ium-112
118	191	309	120	7.1455	Ununoct-ium-309
92	141	233	93	7.7075	Ennbi-ium-233
95	156	251	95	7.5683	Ennpent-ium-251
94	132	226	93	7.6959	Ennquad-ium-226
88	134	222	87	7.7966	Octoct-ium-222
111	168	279	113	7.3248	Ununun-ium-279
96	156	252	96	7.5674	Ennhex-ium-252
97	156	253	98	7.5591	Ennsept-ium-253
98	156	254	99	7.5547	Ennoct-ium-254
92	142	234	93	7.7044	Ennbi-ium-234
119	191	310	120	7.1308	Ununenn-ium-310
70	84	154	72	8.1289	Septnil-ium-154
82	92	174	81	7.6853	Octbi-ium-174
104	143	247	101	7.4577	Unnilquad-ium-247
126	206	332	121	6.9885	Unbihex-ium-332
105	144	249	101	7.4329	Unnilpent-ium-249
52	62	114	51	8.5446	Pentbi-ium-114
99	157	256	99	7.5337	Ennenn-ium-256
71	85	156	73	8.0890	Septun-ium-156
104	150	254	104	7.4801	Unnilquad-ium-254
72	86	158	74	8.0718	Septbi-ium-158
127	206	333	122	6.9688	Unbisept-ium-333
83	114	197	83	7.9324	Octtri-ium-197
106	145	251	102	7.4080	Unnilhex-ium-251
105	151	256	105	7.4523	Unnilpent-ium-256
128	207	335	123	6.9514	Unbioct-ium-335
84	115	199	84	7.9093	Octquad-ium-199
107	146	253	103	7.3828	Unnilsept-ium-253
93	143	236	92	7.6816	Enntri-ium-236
107	147	254	103	7.3856	Unnilsept-ium-254
110	179	289	110	7.2951	Ununnil-ium-289
94	133	227	94	7.6939	Ennquad-ium-227
112	168	280	115	7.3082	Ununbi-ium-280
94	134	228	94	7.6977	Ennquad-ium-228
106	152	258	106	7.4352	Unnilhex-ium-258
81	92	173	78	7.7302	Octun-ium-173
107	153	260	107	7.4071	Unnilsept-ium-260
120	191	311	122	7.1190	Unbinil-ium-311
82	93	175	79	7.7081	Octbi-ium-175
89	135	224	89	7.7729	Octenn-ium-224
73	86	159	75	8.0175	Septtri-ium-159
121	182	303	121	7.1165	Unbiun-ium-303
84	116	200	85	7.9152	Octquad-ium-200
85	117	202	86	7.8845	Octpent-ium-202
53	64	117	52	8.5269	Penttri-ium-117
54	65	119	53	8.5021	Pentquad-ium-119
90	135	225	90	7.7638	Ennnil-ium-225
86	118	204	86	7.8690	Octhex-ium-204
121	183	304	121	7.1143	Unbiun-ium-304
108	153	261	108	7.3842	Unniloct-ium-261
54	66	120	53	8.5248	Pentquad-ium-120
91	136	227	91	7.7455	Ennun-ium-227
122	183	305	122	7.0954	Unbibi-ium-305
108	148	256	103	7.3661	Unniloct-ium-256
109	154	263	109	7.3607	Unnilenn-ium-263
108	154	262	108	7.3894	Unniloct-ium-262
111	180	291	111	7.2795	Ununun-ium-291
87	119	206	87	7.8379	Octsept-ium-206
128	208	336	122	6.9499	Unbioct-ium-336
113	169	282	116	7.2827	Ununtri-ium-282
55	66	121	54	8.4769	Pentpent-ium-121
107	148	255	102	7.3933	Unnilsept-ium-255
92	136	228	92	7.7334	Ennbi-ium-228
112	169	281	115	7.3047	Ununbi-ium-281
81	93	174	80	7.7511	Octun-ium-174
112	180	292	111	7.2711	Ununbi-ium-292
93	136	229	93	7.7129	Enntri-ium-229
56	67	123	55	8.4513	Penthex-ium-123
122	184	306	122	7.1026	Unbibi-ium-306
112	181	293	111	7.2636	Ununbi-ium-293
122	185	307	122	7.0954	Unbibi-ium-307
56	68	124	55	8.4751	Penthex-ium-124
57	70	127	53	8.4553	Pentsept-ium-127
106	148	254	101	7.4246	Unnilhex-ium-254
87	120	207	86	7.8442	Octsept-ium-207
122	186	308	120	7.0970	Unbibi-ium-308
113	181	294	113	7.2500	Ununtri-ium-294
123	187	310	121	7.0724	Unbitri-ium-310
94	136	230	94	7.6970	Ennquad-ium-230
113	182	295	113	7.2473	Ununtri-ium-295
95	134	229	95	7.6713	Ennpent-ium-229
106	149	255	100	7.4253	Unnilhex-ium-255
113	183	296	113	7.2399	Ununtri-ium-296
58	71	129	56	8.4303	Pentoct-ium-129
57	71	128	53	8.4586	Pentsept-ium-128
114	170	284	117	7.2665	Ununquad-ium-284
115	170	285	118	7.2427	Ununpent-ium-285
94	137	231	95	7.6925	Ennquad-ium-231
110	155	265	109	7.3370	Ununnil-ium-265
58	72	130	56	8.4496	Pentoct-ium-130
122	187	309	119	7.0941	Unbibi-ium-309
122	188	310	119	7.0951	Unbibi-ium-310
95	137	232	96	7.6694	Ennpent-ium-232
114	184	298	114	7.2331	Ununquad-ium-298
123	189	312	121	7.0711	Unbitri-ium-312
92	143	235	92	7.6947	Ennbi-ium-235
81	124	205	81	7.9269	Octun-ium-205
115	185	300	116	7.2072	Ununpent-ium-300
105	167	272	105	7.4133	Unnilpent-ium-272
82	94	176	82	7.7389	Octbi-ium-176
96	138	234	97	7.6542	Ennhex-ium-234
92	144	236	92	7.6906	Ennbi-ium-236
116	185	301	117	7.1967	Ununhex-ium-301
57	72	129	52	8.4749	Pentsept-ium-129
105	150	255	99	7.4535	Unnilpent-ium-255
121	192	313	124	7.1010	Unbiun-ium-313
95	135	230	95	7.6692	Ennpent-ium-230
116	171	287	120	7.2210	Ununhex-ium-287
96	136	232	97	7.6532	Ennhex-ium-232
106	168	274	106	7.4018	Unnilhex-ium-274
106	150	256	100	7.4310	Unnilhex-ium-256
88	120	208	88	7.8216	Octoct-ium-208
93	145	238	92	7.6688	Enntri-ium-238
82	95	177	82	7.7584	Octbi-ium-177
93	146	239	92	7.6647	Enntri-ium-239
126	210	336	126	6.9706	Unbihex-ium-336
127	210	337	127	6.9531	Unbisept-ium-337
127	211	338	127	6.9468	Unbisept-ium-338
128	209	337	124	6.9445	Unbioct-ium-337
117	171	288	121	7.1954	Ununsept-ium-288
82	96	178	82	7.7858	Octbi-ium-178
113	157	270	113	7.2577	Ununtri-ium-270
82	100	182	85	7.8613	Octbi-ium-182
107	169	276	107	7.3801	Unnilsept-ium-276
89	120	209	89	7.7895	Octenn-ium-209
127	212	339	126	6.9439	Unbisept-ium-339
58	73	131	52	8.4515	Pentoct-ium-131
96	139	235	96	7.6507	Ennhex-ium-235
59	74	133	53	8.4276	Pentenn-ium-133
114	158	272	114	7.2380	Ununquad-ium-272
113	158	271	113	7.2648	Ununtri-ium-271
107	170	277	107	7.3774	Unnilsept-ium-277
60	74	134	54	8.3995	Hexnil-ium-134
108	170	278	108	7.3678	Unniloct-ium-278
82	97	179	82	7.8023	Octbi-ium-179
105	166	271	105	7.4213	Unnilpent-ium-271
124	190	314	122	7.0550	Unbiquad-ium-314
117	185	302	116	7.1807	Ununsept-ium-302
117	172	289	120	7.1990	Ununsept-ium-289
90	120	210	90	7.7628	Ennnil-ium-210
104	157	261	104	7.4712	Unnilquad-ium-261
82	98	180	82	7.8265	Octbi-ium-180
105	168	273	105	7.4099	Unnilpent-ium-273
60	75	135	54	8.4032	Hexnil-ium-135
60	76	136	54	8.4189	Hexnil-ium-136
118	173	291	121	7.1769	Ununoct-ium-291
91	120	211	91	7.7267	Ennun-ium-211
108	171	279	107	7.3607	Unniloct-ium-279
127	213	340	126	6.9371	Unbisept-ium-340
128	210	338	124	6.9426	Unbioct-ium-338
128	214	342	127	6.9252	Unbioct-ium-342
82	101	183	84	7.8721	Octbi-ium-183
118	174	292	121	7.1804	Ununoct-ium-292
105	152	257	99	7.4560	Unnilpent-ium-257
123	190	313	121	7.0720	Unbitri-ium-313
106	169	275	107	7.3939	Unnilhex-ium-275
97	139	236	97	7.6262	Ennsept-ium-236
118	175	293	121	7.1790	Ununoct-ium-293
129	215	344	126	6.9059	Unbienn-ium-344
130	215	345	127	6.8957	Untrinil-ium-345
109	172	281	108	7.3436	Unnilenn-ium-281
119	175	294	123	7.1540	Ununenn-ium-294
82	102	184	83	7.8906	Octbi-ium-184
106	170	276	107	7.3905	Unnilhex-ium-276
106	153	259	100	7.4338	Unnilhex-ium-259
109	173	282	108	7.3365	Unnilenn-ium-282
107	171	278	108	7.3696	Unnilsept-ium-278
105	153	258	99	7.4538	Unnilpent-ium-258
81	102	183	82	7.9182	Octun-ium-183
128	211	339	124	6.9368	Unbioct-ium-339
105	157	262	104	7.4509	Unnilpent-ium-262
118	185	303	117	7.1677	Ununoct-ium-303
110	173	283	109	7.3261	Ununnil-ium-283
106	158	264	105	7.4358	Unnilhex-ium-264
106	154	260	101	7.4373	Unnilhex-ium-260
119	176	295	123	7.1573	Ununenn-ium-295
61	77	138	55	8.3810	Hexun-ium-138
92	120	212	93	7.6961	Ennbi-ium-212
118	176	294	122	7.1817	Ununoct-ium-294
106	155	261	101	7.4350	Unnilhex-ium-261
118	177	295	122	7.1796	Ununoct-ium-295
82	103	185	83	7.8989	Octbi-ium-185
93	121	214	94	7.6623	Enntri-ium-214
111	174	285	111	7.3084	Ununun-ium-285
123	191	314	121	7.0685	Unbitri-ium-314
107	158	265	105	7.4133	Unnilsept-ium-265
97	137	234	97	7.6243	Ennsept-ium-234
97	140	237	96	7.6293	Ennsept-ium-237
108	172	280	109	7.3580	Unniloct-ium-280
123	192	315	121	7.0688	Unbitri-ium-315
107	159	266	105	7.4100	Unnilsept-ium-266
93	122	215	96	7.6745	Enntri-ium-215
130	216	346	127	6.8934	Untrinil-ium-346
129	216	345	126	6.9031	Unbienn-ium-345
128	212	340	124	6.9343	Unbioct-ium-340
93	123	216	96	7.6787	Enntri-ium-216
119	178	297	123	7.1585	Ununenn-ium-297
119	185	304	119	7.1493	Ununenn-ium-304
94	124	218	97	7.6597	Ennquad-ium-218
123	193	316	121	7.0647	Unbitri-ium-316
106	156	262	99	7.4375	Unnilhex-ium-262
120	185	305	120	7.1339	Unbinil-ium-305
129	213	342	125	6.9145	Unbienn-ium-342
128	213	341	124	6.9281	Unbioct-ium-341
95	125	220	98	7.6266	Ennpent-ium-220
120	186	306	119	7.1343	Unbinil-ium-306
98	141	239	96	7.6077	Ennoct-ium-239
99	141	240	97	7.5819	Ennenn-ium-240
94	125	219	97	7.6635	Ennquad-ium-219
111	175	286	109	7.3021	Ununun-ium-286
100	142	242	98	7.5652	Unnilnil-ium-242
121	193	314	124	7.0958	Unbiun-ium-314
112	175	287	110	7.2904	Ununbi-ium-287
81	114	195	81	7.9773	Octun-ium-195
122	193	315	125	7.0828	Unbibi-ium-315
111	173	284	111	7.3097	Ununun-ium-284
94	126	220	96	7.6802	Ennquad-ium-220
121	187	308	121	7.1106	Unbiun-ium-308
95	126	221	97	7.6445	Ennpent-ium-221
99	142	241	96	7.5857	Ennenn-ium-241
95	127	222	97	7.6411	Ennpent-ium-222
96	128	224	98	7.6222	Ennhex-ium-224
121	188	309	121	7.1110	Unbiun-ium-309
121	189	310	121	7.1069	Unbiun-ium-310
112	176	288	110	7.2890	Ununbi-ium-288
96	129	225	97	7.6253	Ennhex-ium-225
122	190	312	123	7.0919	Unbibi-ium-312
108	159	267	107	7.3921	Unniloct-ium-267
62	80	142	57	8.3842	Hexbi-ium-142
112	174	286	113	7.2960	Ununbi-ium-286
113	174	287	114	7.2776	Ununtri-ium-287
113	175	288	114	7.2727	Ununtri-ium-288
98	138	236	100	7.6076	Ennoct-ium-236
109	159	268	110	7.3676	Unnilenn-ium-268
63	81	144	58	8.3478	Hextri-ium-144
113	176	289	114	7.2720	Ununtri-ium-289
106	157	263	97	7.4343	Unnilhex-ium-263
64	82	146	59	8.3470	Hexquad-ium-146
119	179	298	122	7.1563	Ununenn-ium-298
121	190	311	122	7.1066	Unbiun-ium-311
120	180	300	123	7.1396	Unbinil-ium-300
81	115	196	82	7.9717	Octun-ium-196
82	115	197	83	7.9636	Octbi-ium-197
95	129	224	97	7.6525	Ennpent-ium-224
114	177	291	114	7.2534	Ununquad-ium-291
124	194	318	121	7.0497	Unbiquad-ium-318
114	176	290	113	7.2583	Ununquad-ium-290
109	160	269	109	7.3707	Unnilenn-ium-269
115	177	292	114	7.2346	Ununpent-ium-292
130	217	347	126	6.8873	Untrinil-ium-347
96	130	226	98	7.6343	Ennhex-ium-226
107	157	264	98	7.4109	Unnilsept-ium-264
97	131	228	99	7.6027	Ennsept-ium-228
130	218	348	126	6.8845	Untrinil-ium-348
98	132	230	100	7.5839	Ennoct-ium-230
110	161	271	110	7.3490	Ununnil-ium-271
99	133	232	101	7.5521	Ennenn-ium-232
115	178	293	115	7.2345	Ununpent-ium-293
121	180	301	125	7.1156	Unbiun-ium-301
83	116	199	83	7.9343	Octtri-ium-199
99	132	231	102	7.5485	Ennenn-ium-231
100	132	232	103	7.5178	Unnilnil-ium-232
101	146	247	98	7.5427	Unnilun-ium-247
100	133	233	103	7.5225	Unnilnil-ium-233
116	177	293	115	7.2190	Ununhex-ium-293
125	195	320	123	7.0266	Unbipent-ium-320
111	161	272	111	7.3234	Ununun-ium-272
98	133	231	100	7.5864	Ennoct-ium-231
117	177	294	116	7.1977	Ununsept-ium-294
125	196	321	123	7.0268	Unbipent-ium-321
111	162	273	111	7.3271	Ununun-ium-273
102	146	248	98	7.5227	Unnilbi-ium-248
121	181	302	125	7.1141	Unbiun-ium-302
108	157	265	98	7.3914	Unniloct-ium-265
122	194	316	128	7.0819	Unbibi-ium-316
116	179	295	117	7.2154	Ununhex-ium-295
65	83	148	57	8.3000	Hexpent-ium-148
122	182	304	125	7.0969	Unbibi-ium-304
116	180	296	117	7.2153	Ununhex-ium-296
97	138	235	98	7.6286	Ennsept-ium-235
112	163	275	112	7.3049	Ununbi-ium-275
66	83	149	58	8.2725	Hexhex-ium-149
113	164	277	113	7.2826	Ununtri-ium-277
117	181	298	118	7.1918	Ununsept-ium-298
109	157	266	99	7.3653	Unnilenn-ium-266
66	84	150	58	8.2876	Hexhex-ium-150
118	178	296	116	7.1815	Ununoct-ium-296
130	219	349	125	6.8780	Untrinil-ium-349
82	104	186	82	7.9148	Octbi-ium-186
118	182	300	119	7.1768	Ununoct-ium-300
65	84	149	57	8.3127	Hexpent-ium-149
112	158	270	104	7.2954	Ununbi-ium-270
119	182	301	120	7.1565	Ununenn-ium-301
123	194	317	132	7.0644	Unbitri-ium-317
112	159	271	104	7.2963	Ununbi-ium-271
130	220	350	124	6.8748	Untrinil-ium-350
119	183	302	120	7.1530	Ununenn-ium-302
98	135	233	100	7.5956	Ennoct-ium-233
123	195	318	131	7.0598	Unbitri-ium-318
131	221	352	125	6.8561	Untriun-ium-352
114	164	278	113	7.2603	Ununquad-ium-278
82	105	187	81	7.9206	Octbi-ium-187
125	197	322	124	7.0228	Unbipent-ium-322
124	192	316	120	7.0530	Unbiquad-ium-316
113	159	272	106	7.2665	Ununtri-ium-272
85	116	201	86	7.8859	Octpent-ium-201
120	179	299	118	7.1371	Unbinil-ium-299
100	135	235	102	7.5360	Unnilnil-ium-235
101	136	237	103	7.5106	Unnilun-ium-237
124	195	319	131	7.0457	Unbiquad-ium-319
98	139	237	100	7.6061	Ennoct-ium-237
113	160	273	105	7.2727	Ununtri-ium-273
119	184	303	120	7.1583	Ununenn-ium-303
115	164	279	114	7.2320	Ununpent-ium-279
66	85	151	59	8.2887	Hexhex-ium-151
107	151	258	103	7.4021	Unnilsept-ium-258
114	161	275	106	7.2489	Ununquad-ium-275
102	136	238	105	7.4809	Unnilbi-ium-238
99	139	238	100	7.5783	Ennenn-ium-238
131	222	353	123	6.8529	Untriun-ium-353
103	137	240	106	7.4487	Unniltri-ium-240
100	140	240	101	7.5610	Unnilnil-ium-240
113	166	279	113	7.2848	Ununtri-ium-279
113	167	280	113	7.2830	Ununtri-ium-280
126	198	324	126	7.0124	Unbihex-ium-324
116	164	280	115	7.2072	Ununhex-ium-280
104	137	241	108	7.4170	Unnilquad-ium-241
82	106	188	80	7.9340	Octbi-ium-188
104	138	242	108	7.4285	Unnilquad-ium-242
107	152	259	104	7.4075	Unnilsept-ium-259
113	168	281	113	7.2854	Ununtri-ium-281
100	141	241	102	7.5604	Unnilnil-ium-241
107	154	261	105	7.4114	Unnilsept-ium-261
126	199	325	127	7.0084	Unbihex-ium-325
121	186	307	120	7.1141	Unbiun-ium-307
122	192	314	118	7.0875	Unbibi-ium-314
124	196	320	131	7.0453	Unbiquad-ium-320
120	181	301	117	7.1374	Unbinil-ium-301
81	106	187	79	7.9552	Octun-ium-187
123	186	309	128	7.0746	Unbitri-ium-309
103	138	241	107	7.4592	Unniltri-ium-241
119	181	300	115	7.1553	Ununenn-ium-300
67	85	152	63	8.2505	Hexsept-ium-152
114	169	283	114	7.2641	Ununquad-ium-283
103	139	242	108	7.4630	Unniltri-ium-242
115	171	286	116	7.2407	Ununpent-ium-286
131	220	351	125	6.8625	Untriun-ium-351
67	86	153	63	8.2644	Hexsept-ium-153
104	139	243	110	7.4332	Unnilquad-ium-243
101	144	245	105	7.5411	Unnilun-ium-245
66	86	152	62	8.3002	Hexhex-ium-152
125	198	323	131	7.0224	Unbipent-ium-323
66	87	153	64	8.2981	Hexhex-ium-153
116	172	288	117	7.2239	Ununhex-ium-288
125	199	324	131	7.0179	Unbipent-ium-324
114	165	279	114	7.2600	Ununquad-ium-279
113	165	278	113	7.2815	Ununtri-ium-278
82	107	189	77	7.9376	Octbi-ium-189
126	200	326	133	7.0080	Unbihex-ium-326
123	188	311	122	7.0740	Unbitri-ium-311
108	155	263	104	7.3888	Unniloct-ium-263
108	156	264	104	7.3930	Unniloct-ium-264
67	88	155	64	8.2752	Hexsept-ium-155
83	108	191	79	7.9038	Octtri-ium-191
82	108	190	78	7.9487	Octbi-ium-190
67	89	156	64	8.2725	Hexsept-ium-156
105	140	245	112	7.4072	Unnilpent-ium-245
68	90	158	65	8.2612	Hexoct-ium-158
82	109	191	79	7.9501	Octbi-ium-191
69	91	160	66	8.2270	Hexenn-ium-160
82	110	192	79	7.9590	Octbi-ium-192
91	124	215	92	7.7494	Ennun-ium-215
82	111	193	79	7.9585	Octbi-ium-193
70	91	161	67	8.2039	Septnil-ium-161
83	111	194	79	7.9185	Octtri-ium-194
114	166	280	115	7.2641	Ununquad-ium-280
101	147	248	106	7.5398	Unnilun-ium-248
102	147	249	107	7.5208	Unnilbi-ium-249
104	140	244	112	7.4433	Unnilquad-ium-244
79	135	214	79	7.7749	Septenn-ium-214
80	136	216	80	7.7766	Octnil-ium-216
103	140	243	111	7.4720	Unniltri-ium-243
125	200	325	126	7.0169	Unbipent-ium-325
112	162	274	112	7.3059	Ununbi-ium-274
109	158	267	108	7.3693	Unnilenn-ium-267
113	163	276	114	7.2784	Ununtri-ium-276
126	201	327	128	7.0035	Unbihex-ium-327
80	137	217	80	7.7567	Octnil-ium-217
81	138	219	81	7.7512	Octun-ium-219
115	167	282	116	7.2369	Ununpent-ium-282
82	138	220	82	7.7703	Octbi-ium-220
83	138	221	83	7.7664	Octtri-ium-221
115	168	283	116	7.2408	Ununpent-ium-283
103	142	245	111	7.4823	Unniltri-ium-245
102	142	244	111	7.5134	Unnilbi-ium-244
103	143	246	112	7.4836	Unniltri-ium-246
116	169	285	117	7.2185	Ununhex-ium-285
111	160	271	109	7.3243	Ununun-ium-271
102	143	245	111	7.5137	Unnilbi-ium-245
116	170	286	117	7.2222	Ununhex-ium-286
115	166	281	115	7.2373	Ununpent-ium-281
103	144	247	112	7.4900	Unniltri-ium-247
122	189	311	128	7.0916	Unbibi-ium-311
83	139	222	85	7.7490	Octtri-ium-222
84	139	223	86	7.7574	Octquad-ium-223
85	139	224	87	7.7567	Octpent-ium-224
85	140	225	87	7.7477	Octpent-ium-225
85	141	226	87	7.7316	Octpent-ium-226
101	141	242	102	7.5314	Unnilun-ium-242
126	203	329	129	6.9975	Unbihex-ium-329
119	177	296	117	7.1559	Ununenn-ium-296
101	142	243	102	7.5372	Unnilun-ium-243
86	142	228	88	7.7284	Octhex-ium-228
124	191	315	128	7.0521	Unbiquad-ium-315
114	181	295	114	7.2396	Ununquad-ium-295
127	215	342	127	6.9267	Unbisept-ium-342
87	142	229	90	7.7265	Octsept-ium-229
128	216	344	128	6.9152	Unbioct-ium-344
115	182	297	115	7.2220	Ununpent-ium-297
115	183	298	115	7.2159	Ununpent-ium-298
88	143	231	91	7.7149	Octoct-ium-231
89	143	232	92	7.7098	Octenn-ium-232
119	180	299	118	7.1582	Ununenn-ium-299
90	143	233	93	7.7089	Ennnil-ium-233
104	145	249	114	7.4662	Unnilquad-ium-249
104	146	250	114	7.4723	Unnilquad-ium-250
122	191	313	120	7.0878	Unbibi-ium-313
120	182	302	119	7.1392	Unbinil-ium-302
91	144	235	95	7.6946	Ennun-ium-235
114	171	285	115	7.2637	Ununquad-ium-285
105	146	251	115	7.4421	Unnilpent-ium-251
121	194	315	121	7.0943	Unbiun-ium-315
93	144	237	97	7.6785	Enntri-ium-237
94	146	240	98	7.6587	Ennquad-ium-240
94	147	241	98	7.6491	Ennquad-ium-241
122	195	317	122	7.0767	Unbibi-ium-317
122	196	318	121	7.0752	Unbibi-ium-318
120	183	303	121	7.1363	Unbinil-ium-303
129	217	346	129	6.8965	Unbienn-ium-346
116	183	299	115	7.2042	Ununhex-ium-299
117	183	300	116	7.1869	Ununsept-ium-300
118	184	302	117	7.1774	Ununoct-ium-302
117	173	290	117	7.1977	Ununsept-ium-290
105	147	252	114	7.4430	Unnilpent-ium-252
122	197	319	121	7.0695	Unbibi-ium-319
120	184	304	121	7.1423	Unbinil-ium-304
105	148	253	114	7.4489	Unnilpent-ium-253
94	148	242	98	7.6450	Ennquad-ium-242
126	204	330	124	6.9960	Unbihex-ium-330
115	190	305	115	7.1824	Ununpent-ium-305
120	187	307	119	7.1301	Unbinil-ium-307
123	197	320	120	7.0537	Unbitri-ium-320
106	151	257	113	7.4306	Unnilhex-ium-257
116	191	307	116	7.1672	Ununhex-ium-307
124	197	321	122	7.0407	Unbiquad-ium-321
117	191	308	119	7.1549	Ununsept-ium-308
118	192	310	120	7.1428	Ununoct-ium-310
121	185	306	124	7.1131	Unbiun-ium-306
120	177	297	118	7.1354	Unbinil-ium-297
117	170	287	116	7.1960	Ununsept-ium-287
119	192	311	121	7.1287	Ununenn-ium-311
120	193	313	121	7.1117	Unbinil-ium-313
118	171	289	117	7.1733	Ununoct-ium-289
120	178	298	119	7.1386	Unbinil-ium-298
119	171	290	118	7.1454	Ununenn-ium-290
121	179	300	120	7.1125	Unbiun-ium-300
119	172	291	118	7.1504	Ununenn-ium-291
118	172	290	117	7.1776	Ununoct-ium-290
119	173	292	118	7.1505	Ununenn-ium-292
119	174	293	118	7.1546	Ununenn-ium-293
126	212	338	127	6.9604	Unbihex-ium-338
120	175	295	118	7.1321	Unbinil-ium-295
127	207	334	136	6.9634	Unbisept-ium-334
127	208	335	135	6.9614	Unbisept-ium-335
126	213	339	128	6.9531	Unbihex-ium-339
107	155	262	114	7.4100	Unnilsept-ium-262
124	193	317	121	7.0495	Unbiquad-ium-317
129	211	340	129	6.9221	Unbienn-ium-340
121	178	299	119	7.1133	Unbiun-ium-299
128	215	343	130	6.9186	Unbioct-ium-343
129	212	341	123	6.9202	Unbienn-ium-341
125	194	319	122	7.0300	Unbipent-ium-319
127	209	336	137	6.9555	Unbisept-ium-336
121	184	305	120	7.1209	Unbiun-ium-305
111	159	270	118	7.3197	Ununun-ium-270
123	196	319	129	7.0589	Unbitri-ium-319
129	214	343	131	6.9120	Unbienn-ium-343
110	162	272	116	7.3518	Ununnil-ium-272
124	198	322	130	7.0398	Unbiquad-ium-322
123	198	321	120	7.0522	Unbitri-ium-321
111	163	274	118	7.3253	Ununun-ium-274
120	188	308	114	7.1299	Unbinil-ium-308
120	189	309	114	7.1252	Unbinil-ium-309
124	199	323	121	7.0347	Unbiquad-ium-323
120	190	310	114	7.1243	Unbinil-ium-310
112	164	276	117	7.3084	Ununbi-ium-276
121	191	312	116	7.1019	Unbiun-ium-312
114	167	281	120	7.2629	Ununquad-ium-281
114	168	282	119	7.2661	Ununquad-ium-282
115	169	284	120	7.2396	Ununpent-ium-284
115	172	287	120	7.2429	Ununpent-ium-287
130	221	351	126	6.8679	Untrinil-ium-351
116	173	289	121	7.2218	Ununhex-ium-289
116	174	290	121	7.2239	Ununhex-ium-290
115	174	289	120	7.2416	Ununpent-ium-289
115	175	290	120	7.2381	Ununpent-ium-290
126	207	333	126	6.9825	Unbihex-ium-333
115	176	291	119	7.2388	Ununpent-ium-291
116	176	292	120	7.2225	Ununhex-ium-292
129	219	348	123	6.8863	Unbienn-ium-348
