# exre run T=350.000 iters=800000 rng=4242 seeds=27
seed	H2	E=3744.000	atoms=2	bonds=1	parent=H2
seed	O2	E=-318.000	atoms=2	bonds=1	parent=O2
seed	N2	E=-765.000	atoms=2	bonds=1	parent=N2
seed	H2O	E=3344.000	atoms=3	bonds=2	parent=water
seed	CO2	E=-1328.000	atoms=3	bonds=2	parent=CO2
seed	CH4	E=6798.000	atoms=5	bonds=4	parent=methane
seed	H3N	E=5187.000	atoms=4	bonds=3	parent=ammonia
seed	CHN	E=966.000	atoms=3	bonds=2	parent=HCN
seed	CO	E=434.560	atoms=2	bonds=1	parent=CO
seed	NO	E=-247.000	atoms=2	bonds=1	parent=NO
seed	H2S	E=3576.000	atoms=3	bonds=2	parent=H2S
seed	HCl	E=1749.000	atoms=2	bonds=1	parent=HCl
seed	HF	E=1583.000	atoms=2	bonds=1	parent=HF
seed	C2H6	E=9895.000	atoms=8	bonds=7	parent=ethane
seed	C2H4	E=6274.000	atoms=6	bonds=5	parent=ethene
seed	C2H2	E=2695.000	atoms=4	bonds=3	parent=ethyne
seed	CH4O	E=6480.000	atoms=6	bonds=5	parent=methanol
seed	CH5N	E=8304.000	atoms=7	bonds=6	parent=methylamine
seed	CH2O	E=2735.000	atoms=4	bonds=3	parent=formaldehyde
seed	CH2O2	E=2417.000	atoms=5	bonds=4	parent=formic_acid
seed	C6H6	E=8059.000	atoms=12	bonds=12	parent=benzene_kekule
seed	O2S	E=-135.120	atoms=3	bonds=2	parent=SO2
seed	H3P	E=5394.000	atoms=4	bonds=3	parent=phosphine
seed	H4Si	E=7374.800	atoms=5	bonds=4	parent=silane
seed	H2O2	E=3288.000	atoms=4	bonds=3	parent=hydrogen_peroxide
seed	H4N2	E=6816.000	atoms=6	bonds=5	parent=hydrazine
seed	CH3Cl	E=4883.000	atoms=5	bonds=4	parent=chloromethane
novel	CH4N	E=6807.000	atoms=6	bonds=5	parent=methylamine
novel	H	E=2270.000	atoms=1	bonds=0	parent=H2
novel	H3N2	E=5297.000	atoms=5	bonds=4	parent=hydrazine
novel	Cl	E=270.000	atoms=1	bonds=0	parent=HCl
novel	CH2FCl	E=2811.000	atoms=5	bonds=4	parent=chloromethane
novel	CHO2	E=1670.000	atoms=4	bonds=3	parent=formic_acid
novel	C3H	E=2381.000	atoms=4	bonds=3	parent=ethyne
novel	OCa	E=-130.240	atoms=2	bonds=1	parent=NO
novel	F	E=270.000	atoms=1	bonds=0	parent=HF
novel	NaCl	E=-486.080	atoms=2	bonds=1	parent=HCl
novel	H2P	E=3806.000	atoms=3	bonds=2	parent=phosphine
novel	H3N2P	E=5605.400	atoms=6	bonds=5	parent=hydrazine
novel	HN	E=2509.000	atoms=2	bonds=1	parent=H2
novel	CH3NO	E=5042.000	atoms=6	bonds=5	parent=methylamine
novel	CHFCl	E=1103.440	atoms=4	bonds=3	parent=chloromethane
novel	HFNa	E=2020.200	atoms=3	bonds=2	parent=H2S
novel	C2HNO2	E=3118.000	atoms=6	bonds=5	parent=methylamine
novel	HN2	E=2619.000	atoms=3	bonds=2	parent=hydrazine
novel	HOK	E=1767.480	atoms=3	bonds=2	parent=water
novel	CFBr	E=1452.720	atoms=3	bonds=2	parent=HF
novel	C2HNO	E=3229.000	atoms=5	bonds=4	parent=methylamine
novel	N	E=1710.000	atoms=1	bonds=0	parent=H2
novel	CHNOPK	E=2160.680	atoms=6	bonds=5	parent=methylamine
novel	H2N	E=3668.000	atoms=3	bonds=2	parent=H2S
novel	C2HOCl	E=2823.000	atoms=5	bonds=4	parent=methylamine
novel	CHNOCa	E=1522.160	atoms=5	bonds=4	parent=methylamine
novel	HCa	E=2004.800	atoms=2	bonds=1	parent=H2
novel	FSBr	E=135.600	atoms=3	bonds=2	parent=HF
novel	C2HNMg	E=3227.960	atoms=5	bonds=4	parent=methylamine
novel	CH3NO2	E=4774.000	atoms=7	bonds=6	parent=methylamine
novel	CFCl	E=-393.560	atoms=3	bonds=2	parent=chloromethane
novel	CHNO2	E=2593.000	atoms=5	bonds=4	parent=methylamine
novel	Mg	E=810.000	atoms=1	bonds=0	parent=H2
novel	Na	E=270.000	atoms=1	bonds=0	parent=HCl
novel	CH3N2	E=6522.000	atoms=6	bonds=5	parent=hydrazine
novel	OF	E=528.160	atoms=2	bonds=1	parent=H2S
novel	K	E=270.000	atoms=1	bonds=0	parent=HCl
novel	Ca	E=810.000	atoms=1	bonds=0	parent=H2
novel	C3HCa	E=2140.000	atoms=5	bonds=4	parent=ethyne
novel	C2H2NO	E=3134.000	atoms=6	bonds=5	parent=ethene
novel	CH3NS	E=6091.000	atoms=6	bonds=5	parent=methylamine
novel	CH3N	E=6326.000	atoms=5	bonds=4	parent=methane
novel	Br	E=270.000	atoms=1	bonds=0	parent=H2
novel	O	E=810.000	atoms=1	bonds=0	parent=H2
novel	C2HP	E=1653.440	atoms=4	bonds=3	parent=ethyne
novel	HO3	E=1785.000	atoms=4	bonds=3	parent=hydrogen_peroxide
novel	CHFCa	E=1240.120	atoms=4	bonds=3	parent=HF
novel	KCa	E=102.720	atoms=2	bonds=1	parent=NO
novel	CNS	E=1660.840	atoms=3	bonds=2	parent=H2S
novel	C2H	E=2143.000	atoms=3	bonds=2	parent=ethyne
novel	H2N2	E=5008.360	atoms=4	bonds=3	parent=hydrazine
novel	CH2NSK	E=4085.920	atoms=6	bonds=5	parent=methylamine
novel	OS	E=-382.560	atoms=2	bonds=1	parent=NO
novel	CFCl2	E=-811.560	atoms=4	bonds=3	parent=chloromethane
novel	C2H5	E=6398.000	atoms=7	bonds=6	parent=ethane
novel	HO	E=2460.960	atoms=2	bonds=1	parent=ethyne
novel	ClCa	E=-271.360	atoms=2	bonds=1	parent=HCl
novel	NNaS	E=-860.720	atoms=3	bonds=2	parent=H2S
novel	CHN2O2	E=3063.000	atoms=6	bonds=5	parent=methylamine
novel	CHNO2Ca	E=4037.200	atoms=6	bonds=4	parent=methylamine
novel	HPBr	E=1814.080	atoms=3	bonds=2	parent=phosphine
novel	OK	E=-739.520	atoms=2	bonds=1	parent=O2
novel	N	E=1710.000	atoms=1	bonds=0	parent=H2
novel	CH2N3	E=7063.360	atoms=6	bonds=5	parent=hydrazine
novel	H2N2P	E=3676.760	atoms=5	bonds=4	parent=hydrazine
novel	HO2S	E=1608.440	atoms=4	bonds=3	parent=hydrogen_peroxide
novel	FK	E=-947.360	atoms=2	bonds=1	parent=NO
novel	CH2NOBr	E=3185.320	atoms=6	bonds=5	parent=methylamine
novel	CCl2	E=-236.560	atoms=3	bonds=2	parent=chloromethane
novel	C2H4P	E=5793.440	atoms=7	bonds=7	parent=ethane
novel	CH2NOKBr	E=2235.800	atoms=7	bonds=6	parent=methylamine
novel	MgClCa	E=-238.960	atoms=3	bonds=2	parent=HCl
novel	C3HCa2	E=2934.800	atoms=6	bonds=5	parent=ethyne
novel	HN3	E=3089.000	atoms=4	bonds=3	parent=hydrazine
novel	C2H5F	E=5823.000	atoms=8	bonds=7	parent=ethane
novel	CH3NP	E=6656.000	atoms=6	bonds=5	parent=methylamine
novel	CHN2O	E=1456.000	atoms=5	bonds=4	parent=methylamine
novel	H2NP	E=5105.000	atoms=4	bonds=3	parent=phosphine
novel	CH2O2S	E=1244.440	atoms=6	bonds=5	parent=formic_acid
novel	CH2N	E=3121.000	atoms=4	bonds=3	parent=ethene
novel	N2P	E=1408.400	atoms=3	bonds=2	parent=hydrazine
novel	H2FP	E=3268.160	atoms=4	bonds=3	parent=phosphine
novel	CH2NF	E=3554.000	atoms=5	bonds=4	parent=methylamine
novel	H2PS	E=3618.560	atoms=4	bonds=3	parent=phosphine
novel	C3H4N	E=8409.000	atoms=8	bonds=7	parent=ethane
novel	CHNO2ClCa	E=3320.320	atoms=7	bonds=5	parent=methylamine
novel	H3Si	E=5733.600	atoms=4	bonds=3	parent=silane
novel	H2OP	E=4493.000	atoms=4	bonds=3	parent=phosphine
novel	CHNO2FCa	E=4017.920	atoms=7	bonds=4	parent=methylamine
novel	CHO	E=-762.000	atoms=3	bonds=2	parent=formic_acid
novel	H2NS	E=1473.840	atoms=4	bonds=3	parent=ammonia
novel	CHNF	E=2057.000	atoms=4	bonds=3	parent=methylamine
novel	O	E=810.000	atoms=1	bonds=0	parent=HCl
novel	OMgClCa	E=-645.440	atoms=4	bonds=3	parent=HCl
novel	COS	E=249.120	atoms=3	bonds=2	parent=CO
novel	HNCl	E=4279.000	atoms=3	bonds=1	parent=phosphine
novel	CHNNaSK	E=3668.360	atoms=6	bonds=5	parent=methylamine
novel	HN2O	E=148.000	atoms=4	bonds=3	parent=hydrazine
novel	HNF	E=4979.000	atoms=3	bonds=1	parent=hydrazine
novel	CH	E=1387.000	atoms=2	bonds=1	parent=HCl
novel	CH2FClCa	E=922.920	atoms=6	bonds=5	parent=chloromethane
novel	H	E=270.000	atoms=1	bonds=0	parent=HCl
novel	NOMgCa	E=-1546.400	atoms=4	bonds=3	parent=HCl
best 	NOMgCa	E=-1546.400	atoms=4	bonds=3	parent=HCl
novel	C2HOMgBr	E=2453.560	atoms=6	bonds=5	parent=methylamine
novel	NFBr	E=4450.000	atoms=3	bonds=0	parent=hydrazine
novel	Cl2	E=-63.000	atoms=2	bonds=1	parent=chloromethane
novel	HNaPBr	E=1517.200	atoms=4	bonds=3	parent=phosphine
novel	NaMgCl	E=-453.680	atoms=3	bonds=2	parent=HCl
novel	NK	E=238.880	atoms=2	bonds=1	parent=H2
novel	CS	E=-182.880	atoms=2	bonds=1	parent=CO
novel	CNO2FCa	E=2397.920	atoms=6	bonds=3	parent=methylamine
novel	H3PK	E=5991.520	atoms=5	bonds=4	parent=phosphine
novel	H2PK	E=4403.520	atoms=4	bonds=3	parent=phosphine
novel	CHNO3Ca	E=3926.200	atoms=7	bonds=5	parent=methylamine
novel	FNa	E=-892.800	atoms=2	bonds=1	parent=H2S
novel	CNSCl	E=466.440	atoms=4	bonds=4	parent=H2S
novel	CH2NO2F	E=3534.760	atoms=7	bonds=6	parent=methylamine
novel	CHN2	E=2794.000	atoms=4	bonds=3	parent=hydrazine
novel	H3N2Cl	E=4955.480	atoms=6	bonds=5	parent=hydrazine
novel	H3N2O	E=5186.000	atoms=6	bonds=5	parent=methylamine
novel	CO2Br	E=-896.360	atoms=4	bonds=3	parent=CO
novel	CO	E=101.000	atoms=2	bonds=1	parent=O2
novel	CHCa	E=368.200	atoms=3	bonds=2	parent=HCl
novel	CH2OFCa	E=1072.920	atoms=6	bonds=5	parent=chloromethane
novel	CH3	E=5301.000	atoms=4	bonds=3	parent=methane
novel	CNO2	E=-471.000	atoms=4	bonds=3	parent=methylamine
novel	C2H3N	E=5729.000	atoms=6	bonds=5	parent=ethane
novel	NaPBr2	E=1699.200	atoms=4	bonds=2	parent=phosphine
novel	CMg	E=300.960	atoms=2	bonds=1	parent=H2
novel	CH3NOBr	E=4665.920	atoms=7	bonds=6	parent=methylamine
novel	C2H2N2	E=5940.400	atoms=6	bonds=5	parent=hydrazine
novel	H3PKBr	E=5947.600	atoms=6	bonds=5	parent=phosphine
novel	HNOK	E=-334.600	atoms=4	bonds=3	parent=hydrazine
novel	Ca	E=810.000	atoms=1	bonds=0	parent=H2
novel	CH2	E=4164.000	atoms=3	bonds=2	parent=methane
novel	CHNO3Ca	E=2909.200	atoms=7	bonds=5	parent=methylamine
novel	HOFP	E=1410.160	atoms=4	bonds=3	parent=phosphine
novel	NKCa	E=-602.960	atoms=3	bonds=2	parent=H2
novel	C2HNSKBr	E=3405.440	atoms=7	bonds=6	parent=methylamine
novel	CClCa	E=453.200	atoms=3	bonds=2	parent=H2S
novel	FCl	E=-138.720	atoms=2	bonds=1	parent=HCl
novel	CH2FCl2	E=1350.000	atoms=6	bonds=5	parent=chloromethane
novel	CNO3Ca	E=2462.200	atoms=6	bonds=4	parent=methylamine
novel	NMgK	E=401.840	atoms=3	bonds=2	parent=H2
novel	CHNO2FClCa	E=3093.320	atoms=8	bonds=6	parent=methylamine
novel	H3N4P	E=3552.800	atoms=8	bonds=7	parent=hydrazine
novel	CN	E=2215.000	atoms=2	bonds=1	parent=H2
novel	FS	E=-14.400	atoms=2	bonds=1	parent=HF
novel	CHN2O2S	E=2323.440	atoms=7	bonds=7	parent=methylamine
novel	CO2NaCa	E=2067.680	atoms=5	bonds=3	parent=methylamine
novel	OBr	E=73.920	atoms=2	bonds=1	parent=H2
novel	CHN4	E=4076.000	atoms=6	bonds=4	parent=hydrazine
novel	C3Ca	E=-763.600	atoms=4	bonds=4	parent=ethyne
novel	CNF	E=1434.760	atoms=3	bonds=2	parent=H2
novel	NaBr	E=-386.880	atoms=2	bonds=1	parent=H2
novel	MgK	E=72.960	atoms=2	bonds=1	parent=H2
novel	H2OCa	E=4246.600	atoms=4	bonds=3	parent=phosphine
novel	CH3OBr	E=5949.040	atoms=6	bonds=5	parent=methanol
novel	KBr	E=-441.440	atoms=2	bonds=1	parent=HCl
novel	CHNCa	E=1120.160	atoms=4	bonds=3	parent=methylamine
novel	CHNOF	E=1586.000	atoms=5	bonds=4	parent=methylamine
novel	NaClBr	E=-650.960	atoms=3	bonds=2	parent=HCl
novel	CO3Ca	E=1785.200	atoms=5	bonds=3	parent=methylamine
novel	S	E=810.000	atoms=1	bonds=0	parent=H2
novel	C2HN3O	E=5992.000	atoms=7	bonds=5	parent=hydrazine
novel	OPBr	E=343.920	atoms=3	bonds=2	parent=H2
novel	NFKCa	E=-1023.200	atoms=4	bonds=3	parent=H2
novel	NF	E=569.760	atoms=2	bonds=1	parent=H2
novel	CHN2CaBr	E=5060.200	atoms=6	bonds=3	parent=hydrazine
novel	OFP	E=522.160	atoms=3	bonds=2	parent=phosphine
novel	CHONa	E=-596.960	atoms=4	bonds=3	parent=formic_acid
novel	OF	E=68.160	atoms=2	bonds=1	parent=H2
novel	Cl	E=270.000	atoms=1	bonds=0	parent=chloromethane
novel	CF	E=1315.000	atoms=2	bonds=1	parent=methane
novel	H2Si	E=4452.400	atoms=3	bonds=2	parent=silane
novel	C2N	E=1690.000	atoms=3	bonds=2	parent=methylamine
novel	HNOS	E=1805.440	atoms=4	bonds=3	parent=hydrogen_peroxide
novel	OP	E=720.000	atoms=2	bonds=1	parent=O2
novel	CHNO	E=1356.000	atoms=4	bonds=3	parent=ethene
novel	CHNaCa	E=-477.320	atoms=4	bonds=3	parent=HCl
novel	CN2O2	E=1419.000	atoms=5	bonds=5	parent=methylamine
novel	SBr	E=83.520	atoms=2	bonds=1	parent=H2
novel	HFNa2	E=4196.160	atoms=4	bonds=2	parent=hydrazine
novel	CHONaK	E=-285.040	atoms=5	bonds=4	parent=formic_acid
novel	N2S	E=905.840	atoms=3	bonds=2	parent=H2S
novel	HPKBr	E=1352.560	atoms=4	bonds=3	parent=phosphine
novel	OMg	E=-76.480	atoms=2	bonds=1	parent=HF
novel	CN2	E=100.000	atoms=3	bonds=2	parent=hydrazine
novel	HNNaPBr	E=2064.640	atoms=5	bonds=4	parent=phosphine
novel	CHNP	E=1979.440	atoms=4	bonds=3	parent=methylamine
novel	CH2NO	E=3905.000	atoms=5	bonds=4	parent=methylamine
novel	CNCl2	E=88.440	atoms=4	bonds=3	parent=chloromethane
novel	CHNFCl	E=-361.000	atoms=5	bonds=4	parent=chloromethane
novel	H2PK2	E=3942.000	atoms=5	bonds=4	parent=phosphine
novel	HPS	E=2030.560	atoms=3	bonds=2	parent=phosphine
novel	C2N	E=1288.000	atoms=3	bonds=2	parent=methylamine
novel	NS	E=-164.160	atoms=2	bonds=1	parent=H2S
novel	NO2FCa	E=2633.520	atoms=5	bonds=2	parent=methylamine
novel	C2H3O	E=5836.000	atoms=6	bonds=5	parent=ethane
novel	HNO	E=2038.000	atoms=3	bonds=2	parent=hydrogen_peroxide
novel	C2H2NK	E=5189.520	atoms=6	bonds=5	parent=ethane
novel	C	E=2970.000	atoms=1	bonds=0	parent=HCl
novel	N2O2	E=452.000	atoms=4	bonds=3	parent=methylamine
novel	C3NO	E=2245.000	atoms=5	bonds=4	parent=methylamine
novel	NaCa	E=-126.720	atoms=2	bonds=1	parent=H2
novel	FBr	E=-157.920	atoms=2	bonds=1	parent=HF
novel	NaMgBr	E=-213.360	atoms=3	bonds=2	parent=HCl
novel	HNBr	E=4979.000	atoms=3	bonds=1	parent=hydrazine
novel	CHNO2FMgClCa	E=2591.840	atoms=9	bonds=7	parent=methylamine
novel	CMgCl	E=-477.040	atoms=3	bonds=2	parent=H2
novel	FCa	E=-678.080	atoms=2	bonds=1	parent=methane
novel	CNPSK	E=279.400	atoms=5	bonds=4	parent=methylamine
novel	MgCl2Ca	E=-960.320	atoms=4	bonds=3	parent=HCl
novel	HP	E=2578.000	atoms=2	bonds=1	parent=phosphine
novel	CNO2FMgClCa2	E=114.920	atoms=9	bonds=6	parent=methylamine
novel	C2HNSK	E=3510.520	atoms=6	bonds=5	parent=ethane
novel	HNK	E=2596.400	atoms=3	bonds=2	parent=methylamine
novel	NFCa	E=-619.920	atoms=3	bonds=2	parent=HF
novel	C2P	E=1388.440	atoms=3	bonds=2	parent=methylamine
novel	CHNSKBr	E=3282.440	atoms=6	bonds=5	parent=methylamine
novel	CHNONaClCa	E=2741.120	atoms=7	bonds=5	parent=methylamine
novel	NaClKBr	E=-312.960	atoms=4	bonds=3	parent=phosphine
novel	C2	E=1006.000	atoms=2	bonds=1	parent=ethyne
novel	O2Mg	E=-722.960	atoms=3	bonds=2	parent=SO2
novel	H2N2O	E=3667.000	atoms=5	bonds=4	parent=hydrazine
novel	HNOMg	E=1709.920	atoms=4	bonds=3	parent=hydrogen_peroxide
novel	C2HNO2F	E=3240.760	atoms=7	bonds=6	parent=methylamine
novel	CHN2OFCaBr	E=4364.280	atoms=8	bonds=5	parent=hydrazine
novel	OClCa	E=-88.240	atoms=3	bonds=2	parent=HCl
novel	HNOPCa	E=2959.960	atoms=5	bonds=4	parent=phosphine
novel	CH2N3Ca	E=7211.520	atoms=7	bonds=5	parent=hydrazine
novel	NNaCl2K2	E=-867.960	atoms=6	bonds=5	parent=phosphine
novel	CONaCa	E=2095.680	atoms=4	bonds=2	parent=methylamine
novel	CH2OMgCl	E=1390.960	atoms=6	bonds=5	parent=formic_acid
novel	HN2FCl	E=2990.480	atoms=5	bonds=4	parent=hydrazine
novel	CNO2Ca	E=797.200	atoms=5	bonds=4	parent=methylamine
novel	PKBr	E=-235.440	atoms=3	bonds=2	parent=phosphine
novel	H3OSi	E=5435.760	atoms=5	bonds=4	parent=silane
novel	H2N2OK	E=2915.880	atoms=6	bonds=5	parent=methylamine
novel	CHN3O	E=2726.000	atoms=6	bonds=4	parent=hydrazine
novel	CP	E=565.440	atoms=2	bonds=1	parent=methylamine
novel	H2OPS	E=3708.560	atoms=5	bonds=4	parent=phosphine
novel	HNOFP	E=2078.560	atoms=5	bonds=4	parent=phosphine
novel	CHNFCa	E=1026.960	atoms=5	bonds=4	parent=ethyne
novel	CNaCa	E=385.680	atoms=3	bonds=2	parent=HCl
novel	CH2N2O	E=2570.000	atoms=6	bonds=5	parent=methylamine
novel	C2OClBr	E=956.640	atoms=5	bonds=4	parent=methylamine
novel	CO2ClBr	E=-885.560	atoms=5	bonds=4	parent=CO
novel	CHN	E=-16.000	atoms=3	bonds=2	parent=hydrazine
novel	CHNMg	E=1062.960	atoms=4	bonds=3	parent=methylamine
novel	ONaK	E=-480.080	atoms=3	bonds=2	parent=NO
novel	C2HN2OS	E=5327.840	atoms=7	bonds=5	parent=hydrazine
novel	N2Na	E=403.440	atoms=3	bonds=2	parent=H2S
novel	FClCa	E=-320.080	atoms=3	bonds=2	parent=HCl
novel	C2ClCa	E=1055.200	atoms=4	bonds=3	parent=H2S
novel	PBr	E=-13.920	atoms=2	bonds=1	parent=H2
novel	C2Ca	E=102.200	atoms=3	bonds=2	parent=ethyne
novel	ClKBr	E=-16.080	atoms=3	bonds=2	parent=phosphine
novel	HN2OFCl	E=2879.480	atoms=6	bonds=5	parent=hydrazine
novel	NSK	E=-315.280	atoms=3	bonds=2	parent=H2
novel	CN2NaSK	E=1262.200	atoms=6	bonds=5	parent=methylamine
novel	H2NK	E=2265.520	atoms=4	bonds=3	parent=phosphine
novel	CHN2O2PS	E=2279.120	atoms=8	bonds=8	parent=methylamine
novel	COFS	E=-232.720	atoms=4	bonds=3	parent=CO
novel	CNO2S	E=1066.440	atoms=5	bonds=4	parent=formic_acid
novel	CHNOBr	E=2144.920	atoms=5	bonds=4	parent=methylamine
novel	CHK	E=158.920	atoms=3	bonds=2	parent=HCl
novel	CNOPClK	E=-564.280	atoms=6	bonds=5	parent=methylamine
novel	CH3S	E=5819.000	atoms=5	bonds=4	parent=methane
novel	PS	E=-157.440	atoms=2	bonds=1	parent=NO
novel	CNa	E=1404.480	atoms=2	bonds=1	parent=methane
novel	HO2K	E=-1108.520	atoms=4	bonds=3	parent=hydrogen_peroxide
novel	CFMgBr	E=1718.400	atoms=4	bonds=3	parent=HF
novel	N3	E=592.000	atoms=3	bonds=2	parent=hydrazine
novel	CN2O2Ca	E=738.760	atoms=6	bonds=6	parent=methylamine
novel	NSCl	E=-505.680	atoms=3	bonds=2	parent=H2S
novel	CNOF	E=1545.160	atoms=4	bonds=3	parent=formic_acid
novel	CN2F	E=885.000	atoms=4	bonds=3	parent=methylamine
novel	CHN3S	E=2776.680	atoms=6	bonds=3	parent=hydrazine
novel	OFS	E=-164.400	atoms=3	bonds=2	parent=HF
novel	NPS	E=744.240	atoms=3	bonds=2	parent=phosphine
novel	CO3P	E=2439.440	atoms=5	bonds=3	parent=methylamine
novel	Na2	E=640.000	atoms=2	bonds=1	parent=methane
novel	HOFPCl	E=1347.040	atoms=5	bonds=4	parent=phosphine
novel	H2NCl	E=1326.480	atoms=4	bonds=3	parent=phosphine
novel	HN2NaK	E=-1188.680	atoms=5	bonds=4	parent=methylamine
novel	NNa	E=293.440	atoms=2	bonds=1	parent=HCl
novel	HF	E=1583.000	atoms=2	bonds=1	parent=HF
novel	HO2	E=1841.000	atoms=3	bonds=2	parent=hydrogen_peroxide
novel	Mg2Cl	E=-85.200	atoms=3	bonds=2	parent=HCl
novel	C2H4N	E=5763.000	atoms=7	bonds=7	parent=ethane
novel	HCa	E=2004.800	atoms=2	bonds=1	parent=phosphine
novel	H3N2O2	E=3130.000	atoms=7	bonds=6	parent=hydrazine
novel	NP	E=-21.600	atoms=2	bonds=1	parent=H2S
novel	H2N2Ca	E=5445.520	atoms=5	bonds=5	parent=hydrazine
novel	CHNO3KCa	E=2561.920	atoms=8	bonds=6	parent=methylamine
novel	CH2N3O	E=6005.360	atoms=7	bonds=5	parent=hydrazine
novel	CHO2Cl	E=502.000	atoms=5	bonds=4	parent=formic_acid
novel	ONaBr	E=-821.040	atoms=3	bonds=2	parent=H2
novel	O2Cl	E=857.120	atoms=3	bonds=2	parent=hydrogen_peroxide
novel	C3HNSK	E=4375.520	atoms=7	bonds=6	parent=ethane
novel	KBr2	E=-616.880	atoms=3	bonds=2	parent=H2
novel	CHN3NaCl	E=3856.960	atoms=7	bonds=5	parent=hydrazine
novel	CNPKCa	E=-106.520	atoms=5	bonds=4	parent=methylamine
novel	CH2FS	E=3647.000	atoms=5	bonds=4	parent=methane
novel	C2H2N	E=5129.000	atoms=5	bonds=5	parent=ethane
novel	HN	E=509.000	atoms=2	bonds=1	parent=phosphine
novel	CH2N2P	E=964.200	atoms=6	bonds=6	parent=hydrazine
novel	ONa	E=-444.960	atoms=2	bonds=1	parent=HCl
novel	NaSCaBr	E=-962.240	atoms=4	bonds=3	parent=HCl
novel	C2HCaBr	E=-885.160	atoms=5	bonds=4	parent=HCl
novel	HPK	E=2348.000	atoms=3	bonds=1	parent=phosphine
novel	NaCaBr	E=-183.600	atoms=3	bonds=2	parent=H2
novel	CNO	E=1227.000	atoms=3	bonds=2	parent=formic_acid
novel	CHN3O2	E=2419.000	atoms=7	bonds=6	parent=methylamine
novel	ClBr	E=40.800	atoms=2	bonds=1	parent=H2
novel	ONaClKCa	E=-633.680	atoms=5	bonds=4	parent=NO
novel	CHN2P	E=-145.160	atoms=5	bonds=5	parent=hydrazine
novel	HK	E=507.520	atoms=2	bonds=1	parent=HCl
novel	C2NO2F	E=1743.760	atoms=6	bonds=5	parent=methylamine
novel	CHNO2FNaClCa	E=2421.760	atoms=9	bonds=7	parent=methylamine
novel	HSi	E=3531.200	atoms=2	bonds=1	parent=silane
novel	CNO2NaMgClCa	E=1187.320	atoms=8	bonds=6	parent=methylamine
novel	C2H2O	E=3999.000	atoms=5	bonds=4	parent=ethane
novel	CHNOFK	E=834.880	atoms=6	bonds=5	parent=methylamine
novel	C2NOCa	E=538.160	atoms=5	bonds=4	parent=methylamine
novel	CNKCa	E=-514.920	atoms=4	bonds=3	parent=methylamine
novel	HCa2	E=4314.800	atoms=3	bonds=1	parent=phosphine
novel	MgClCa	E=-331.120	atoms=3	bonds=2	parent=H2
novel	HNO2	E=270.000	atoms=4	bonds=3	parent=hydrogen_peroxide
novel	Ca2	E=-300.000	atoms=2	bonds=1	parent=H2
novel	NO2K	E=-288.120	atoms=4	bonds=3	parent=H2
novel	CH3NFS	E=2956.600	atoms=7	bonds=6	parent=methylamine
novel	C2H2N2O	E=6164.360	atoms=7	bonds=5	parent=hydrazine
novel	CH2NONaClCa	E=4188.120	atoms=8	bonds=6	parent=methylamine
novel	HN2Cl	E=2617.480	atoms=4	bonds=3	parent=hydrazine
novel	CH2FCa	E=1340.920	atoms=5	bonds=4	parent=chloromethane
novel	C5H5SBr	E=8262.320	atoms=12	bonds=12	parent=benzene_kekule
novel	MgBr	E=-38.400	atoms=2	bonds=1	parent=H2
novel	CH2F2Ca	E=212.840	atoms=6	bonds=5	parent=chloromethane
novel	CNaMgCl	E=-873.120	atoms=4	bonds=3	parent=H2
novel	C2H3	E=3376.400	atoms=5	bonds=4	parent=ethene
novel	CHNO3FClCa	E=2798.080	atoms=9	bonds=7	parent=methylamine
novel	CH2N2OBr	E=3633.320	atoms=7	bonds=6	parent=methylamine
novel	CH2NOP	E=5026.000	atoms=6	bonds=5	parent=methylamine
novel	N2O2Ca	E=-228.240	atoms=5	bonds=4	parent=methylamine
novel	CSCl	E=773.440	atoms=3	bonds=3	parent=CO
novel	C2HN2	E=-393.000	atoms=5	bonds=5	parent=hydrazine
novel	HNaK	E=-162.480	atoms=3	bonds=2	parent=HCl
novel	HNKCa	E=-1083.960	atoms=4	bonds=3	parent=methylamine
novel	COMg	E=1095.520	atoms=3	bonds=2	parent=HCl
novel	ONaCa	E=-1125.200	atoms=3	bonds=2	parent=HCl
novel	FNa3	E=1980.000	atoms=4	bonds=1	parent=hydrazine
novel	C3NCa	E=2214.200	atoms=5	bonds=4	parent=methylamine
novel	C2HN	E=3632.000	atoms=4	bonds=4	parent=ethane
novel	C2H2N3O	E=6274.360	atoms=8	bonds=6	parent=hydrazine
novel	FMgClBr	E=118.560	atoms=4	bonds=3	parent=HF
novel	C2H2NBr	E=4399.640	atoms=6	bonds=6	parent=ethane
novel	NO2	E=-358.000	atoms=3	bonds=2	parent=NO
novel	CH2OMgKBr	E=2276.600	atoms=7	bonds=6	parent=methylamine
novel	NaBr2	E=1383.120	atoms=3	bonds=1	parent=phosphine
novel	C2HONa	E=2016.480	atoms=5	bonds=4	parent=ethane
novel	CNK	E=1103.880	atoms=3	bonds=2	parent=HCl
novel	Mg2	E=300.000	atoms=2	bonds=1	parent=methane
novel	N	E=1710.000	atoms=1	bonds=0	parent=phosphine
novel	HFS	E=2386.000	atoms=3	bonds=2	parent=methylamine
novel	H2Ca	E=4379.600	atoms=3	bonds=2	parent=phosphine
novel	OFK	E=-881.360	atoms=3	bonds=2	parent=HF
novel	MgSClCa	E=-603.040	atoms=4	bonds=3	parent=H2
novel	CNONa	E=381.480	atoms=4	bonds=3	parent=formic_acid
novel	CHNO3Mg2ClCa	E=2798.160	atoms=10	bonds=8	parent=methylamine
novel	HN2ClCa	E=2814.640	atoms=5	bonds=5	parent=hydrazine
novel	HNOBr	E=1661.920	atoms=4	bonds=3	parent=methylamine
novel	CO3NaP	E=1544.480	atoms=6	bonds=4	parent=methylamine
novel	ClBr	E=-79.200	atoms=2	bonds=1	parent=CO
novel	NO2MgCa	E=-221.320	atoms=5	bonds=4	parent=methylamine
novel	CH2O2SCa	E=2039.240	atoms=7	bonds=6	parent=formic_acid
novel	CHNOP	E=2656.000	atoms=5	bonds=4	parent=methylamine
novel	CH2NOK	E=2771.880	atoms=6	bonds=5	parent=methylamine
novel	C2OMg	E=2025.440	atoms=4	bonds=3	parent=methylamine
novel	HNO2P	E=2346.400	atoms=5	bonds=4	parent=phosphine
novel	HNOS	E=1805.440	atoms=4	bonds=3	parent=hydrogen_peroxide
novel	HN2FClBr	E=2652.800	atoms=6	bonds=5	parent=hydrazine
novel	HN2NaPBr	E=2174.640	atoms=6	bonds=5	parent=phosphine
novel	HOF2PCl	E=965.200	atoms=6	bonds=5	parent=phosphine
novel	OCa2	E=-620.240	atoms=3	bonds=2	parent=H2
novel	FNaMgClCa	E=-868.240	atoms=5	bonds=4	parent=H2
novel	HO	E=1897.000	atoms=2	bonds=1	parent=water
novel	CH2F	E=1229.000	atoms=4	bonds=3	parent=chloromethane
novel	H2N4P	E=2033.800	atoms=7	bonds=6	parent=hydrazine
novel	CH2NPBr	E=4799.320	atoms=6	bonds=5	parent=methylamine
novel	CHO2FNaKCa	E=2496.680	atoms=8	bonds=4	parent=methylamine
novel	H3N2P	E=6665.000	atoms=6	bonds=5	parent=hydrazine
novel	H2NO2K	E=3502.880	atoms=6	bonds=5	parent=methylamine
novel	H4NCl	E=8756.000	atoms=6	bonds=4	parent=hydrazine
novel	CNa	E=1404.480	atoms=2	bonds=1	parent=methylamine
novel	HOP	E=1348.000	atoms=3	bonds=2	parent=phosphine
novel	CH2N2O2	E=3725.000	atoms=7	bonds=6	parent=methylamine
novel	HKBr	E=1456.080	atoms=3	bonds=2	parent=H2
novel	C2H5	E=8997.400	atoms=7	bonds=6	parent=ethane
novel	NBr	E=652.320	atoms=2	bonds=1	parent=H2
novel	H2FNaP	E=1177.200	atoms=5	bonds=4	parent=phosphine
novel	N3O	E=121.000	atoms=4	bonds=3	parent=hydrazine
novel	C2N2O	E=1310.000	atoms=5	bonds=4	parent=ethane
novel	N4	E=1062.000	atoms=4	bonds=3	parent=hydrazine
novel	MgS	E=178.080	atoms=2	bonds=1	parent=methane
novel	NaSClCa	E=-1061.440	atoms=4	bonds=3	parent=HCl
novel	NOCa	E=37.160	atoms=3	bonds=2	parent=methylamine
novel	CH2NOPS	E=4910.000	atoms=7	bonds=6	parent=methylamine
novel	CHNO2Cl	E=1631.000	atoms=6	bonds=5	parent=methylamine
novel	ONaMgCa	E=-1151.200	atoms=4	bonds=3	parent=H2
novel	NOMgKCa	E=-1203.440	atoms=5	bonds=4	parent=HCl
novel	Si	E=2970.000	atoms=1	bonds=0	parent=silane
novel	Na2SCaBr	E=-1127.120	atoms=5	bonds=4	parent=HCl
novel	COFS2	E=311.280	atoms=5	bonds=4	parent=CO
novel	MgK	E=72.960	atoms=2	bonds=1	parent=H2
novel	CCa	E=271.200	atoms=2	bonds=1	parent=HCl
novel	C2HSK	E=2614.640	atoms=5	bonds=4	parent=ethane
novel	NOP	E=-291.600	atoms=3	bonds=2	parent=O2
novel	PKBr2	E=-639.360	atoms=4	bonds=3	parent=phosphine
novel	CHOMgBr	E=1281.560	atoms=5	bonds=4	parent=methylamine
novel	CaBr	E=-172.160	atoms=2	bonds=1	parent=CO
novel	HNOPS	E=2106.400	atoms=5	bonds=4	parent=phosphine
novel	CNO2FNaClCa2	E=317.920	atoms=9	bonds=6	parent=methylamine
novel	CHN2O2PSCa	E=2180.280	atoms=9	bonds=8	parent=methylamine
novel	HOS	E=2700.000	atoms=3	bonds=2	parent=methylamine
novel	F2Cl	E=-187.440	atoms=3	bonds=2	parent=HCl
novel	HNCa	E=4819.000	atoms=3	bonds=1	parent=phosphine
novel	CHOMgCl	E=-1116.040	atoms=5	bonds=4	parent=formic_acid
novel	C2H3K	E=2268.920	atoms=6	bonds=5	parent=ethene
novel	C2H5F2	E=6659.000	atoms=9	bonds=8	parent=ethane
novel	COFNa	E=34.640	atoms=4	bonds=3	parent=HF
novel	CHF2NaCa	E=-794.400	atoms=6	bonds=5	parent=HCl
novel	CK	E=421.920	atoms=2	bonds=1	parent=CO
novel	CNO2FBr	E=401.680	atoms=6	bonds=5	parent=methylamine
novel	CN2O3Mg2ClCa	E=236.520	atoms=10	bonds=8	parent=methylamine
novel	C2H4Ca	E=7201.600	atoms=7	bonds=6	parent=ethane
novel	C2H4Na	E=8074.880	atoms=7	bonds=6	parent=ethane
novel	HNOMgK	E=188.360	atoms=5	bonds=4	parent=hydrazine
novel	NOF	E=1427.920	atoms=3	bonds=2	parent=hydrazine
novel	CNO2K	E=4.880	atoms=5	bonds=4	parent=methylamine
novel	C2N2OS	E=1115.840	atoms=6	bonds=5	parent=ethane
novel	CHN2PBr	E=2759.760	atoms=6	bonds=5	parent=methylamine
novel	HN2P	E=3829.000	atoms=4	bonds=2	parent=hydrazine
novel	CNOS	E=-345.000	atoms=4	bonds=3	parent=methylamine
novel	C2HNOMgBr	E=2758.560	atoms=7	bonds=6	parent=methylamine
novel	HF2S	E=1921.600	atoms=4	bonds=3	parent=methylamine
novel	CHONaClK	E=-1289.120	atoms=6	bonds=5	parent=formic_acid
novel	HNPS	E=3164.840	atoms=4	bonds=2	parent=hydrazine
novel	COMgK	E=1657.440	atoms=4	bonds=3	parent=methylamine
novel	OFPCl	E=-600.960	atoms=4	bonds=3	parent=phosphine
novel	CN2O3Mg2ClCa2	E=181.760	atoms=11	bonds=9	parent=methylamine
novel	C2HOMg2Br	E=1464.520	atoms=7	bonds=6	parent=methylamine
novel	CNFCa	E=1546.680	atoms=4	bonds=3	parent=H2
novel	K2	E=-60.000	atoms=2	bonds=1	parent=HCl
novel	N2FBr	E=2011.840	atoms=4	bonds=3	parent=hydrazine
novel	H2N4F	E=2716.520	atoms=7	bonds=6	parent=hydrazine
novel	OBr2	E=-302.160	atoms=3	bonds=2	parent=H2
novel	CNaS	E=31.600	atoms=3	bonds=2	parent=CO
novel	CNO3NaClCa	E=843.120	atoms=8	bonds=6	parent=methylamine
novel	CMgClK	E=216.320	atoms=4	bonds=3	parent=HCl
novel	CH2NONaP	E=3096.440	atoms=7	bonds=6	parent=methylamine
novel	C3H4F	E=5509.000	atoms=8	bonds=7	parent=ethane
novel	C2H3O2	E=4067.000	atoms=7	bonds=6	parent=ethane
novel	H2NP	E=3785.400	atoms=4	bonds=3	parent=methylamine
novel	HNa	E=1818.080	atoms=2	bonds=1	parent=silane
novel	CHN2OS	E=169.000	atoms=6	bonds=5	parent=methylamine
novel	CN2OPS	E=675.280	atoms=6	bonds=5	parent=ethane
novel	CO2MgK	E=1029.440	atoms=5	bonds=4	parent=methylamine
novel	C	E=2970.000	atoms=1	bonds=0	parent=silane
novel	F2PClK	E=977.520	atoms=5	bonds=3	parent=phosphine
novel	SiP	E=2252.160	atoms=2	bonds=1	parent=silane
novel	CH3O	E=3033.000	atoms=5	bonds=4	parent=methanol
novel	NMg	E=661.920	atoms=2	bonds=1	parent=H2
novel	CONaClCa	E=1378.800	atoms=5	bonds=3	parent=methylamine
novel	C2H2F2Ca	E=265.120	atoms=7	bonds=6	parent=chloromethane
novel	CHNMgK	E=846.880	atoms=5	bonds=4	parent=methylamine
novel	C2HN2O	E=3637.000	atoms=6	bonds=5	parent=ethane
novel	OPCl	E=-303.120	atoms=3	bonds=2	parent=phosphine
novel	ONaPBr2	E=1863.120	atoms=5	bonds=3	parent=phosphine
novel	ClK	E=-540.640	atoms=2	bonds=1	parent=phosphine
novel	FCaBr	E=-1180.240	atoms=3	bonds=2	parent=H2
novel	CN3Ca	E=438.200	atoms=5	bonds=4	parent=hydrazine
novel	CO3MgK	E=1440.480	atoms=6	bonds=4	parent=methylamine
novel	NCa	E=-451.840	atoms=2	bonds=1	parent=HCl
best 	OFNa2	E=-1818.720	atoms=4	bonds=3	parent=H2S
best 	CHO2K	E=-1979.520	atoms=5	bonds=4	parent=formic_acid
best 	CNO4FNaClCa	E=-2097.160	atoms=10	bonds=10	parent=methylamine
best 	CNO4FNaMgClCa	E=-2498.640	atoms=11	bonds=11	parent=methylamine
best 	C3HNO2MgKBr	E=-2774.560	atoms=10	bonds=9	parent=methylamine
best 	C3HNO2MgSKBr	E=-3409.520	atoms=11	bonds=10	parent=methylamine
best 	C3HNO2MgSKBr2	E=-3601.000	atoms=12	bonds=11	parent=methylamine
best 	C3HNO2MgSKBr2	E=-3639.400	atoms=12	bonds=12	parent=methylamine
best 	CN2OF2NaKCa	E=-3904.080	atoms=9	bonds=9	parent=methylamine
best 	CNOF2ClK2Ca3	E=-4038.160	atoms=11	bonds=10	parent=ethane
best 	CNOF2ClK2Ca3	E=-4194.240	atoms=11	bonds=11	parent=ethane
best 	O2F2NaCa3	E=-4531.840	atoms=8	bonds=7	parent=methylamine
best 	CNOF2MgClCa4	E=-4833.840	atoms=11	bonds=11	parent=methylamine
best 	COF3MgClCa5	E=-4850.560	atoms=12	bonds=12	parent=methylamine
best 	COF3MgClCa5	E=-4883.200	atoms=12	bonds=11	parent=methylamine
best 	COF3MgClCa5Br	E=-5027.560	atoms=13	bonds=12	parent=methylamine
best 	COF4MgClCa5Br	E=-5520.640	atoms=14	bonds=13	parent=methylamine
best 	COF4MgClKCa5Br	E=-5547.080	atoms=15	bonds=14	parent=methylamine
best 	O4FKCa4	E=-5720.560	atoms=10	bonds=11	parent=water
best 	O4FKCa4	E=-5848.280	atoms=10	bonds=10	parent=water
best 	CNO4F2NaMgCa3Br	E=-5936.440	atoms=14	bonds=14	parent=methylamine
best 	CNO4FNaMgCa3Br	E=-5985.120	atoms=13	bonds=13	parent=methylamine
best 	O4FKCa5Br	E=-6401.440	atoms=12	bonds=11	parent=water
best 	O5FKCa5	E=-6459.520	atoms=12	bonds=11	parent=water
best 	CNO4FNaMg2Ca3Br	E=-6573.080	atoms=14	bonds=15	parent=methylamine
best 	O5FKCa5Br	E=-6649.960	atoms=13	bonds=12	parent=water
best 	O5FKCa5	E=-6699.520	atoms=12	bonds=11	parent=water
best 	O5FKCa5Br	E=-6736.680	atoms=13	bonds=12	parent=water
best 	O5FKCa5Br	E=-6779.840	atoms=13	bonds=13	parent=water
best 	CNO6MgKCa5	E=-6813.560	atoms=15	bonds=17	parent=phosphine
best 	O7NaK2Ca5	E=-7072.680	atoms=15	bonds=14	parent=phosphine
best 	O7NaK2Ca5Br	E=-7073.760	atoms=16	bonds=15	parent=phosphine
# end iters=800000 accepted=120600 rejected=679400 novel=485 pop=512 best=-7073.760
