exre: stochastic chemical discovery
seeds: 27   iters: 800000   T: 350.0   rng: 4242

[seed] H2                E=3744.0  atoms=2 bonds=1  parent=H2
[seed] O2                E=-318.0  atoms=2 bonds=1  parent=O2
[seed] N2                E=-765.0  atoms=2 bonds=1  parent=N2
[seed] H2O               E=3344.0  atoms=3 bonds=2  parent=water
[seed] CO2               E=-1328.0  atoms=3 bonds=2  parent=CO2
[seed] CH4               E=6798.0  atoms=5 bonds=4  parent=methane
[seed] H3N               E=5187.0  atoms=4 bonds=3  parent=ammonia
[seed] CHN               E=966.0  atoms=3 bonds=2  parent=HCN
[seed] CO                E=434.6  atoms=2 bonds=1  parent=CO
[seed] NO                E=-247.0  atoms=2 bonds=1  parent=NO
[seed] H2S               E=3576.0  atoms=3 bonds=2  parent=H2S
[seed] HCl               E=1749.0  atoms=2 bonds=1  parent=HCl
[seed] HF                E=1583.0  atoms=2 bonds=1  parent=HF
[seed] C2H6              E=9895.0  atoms=8 bonds=7  parent=ethane
[seed] C2H4              E=6274.0  atoms=6 bonds=5  parent=ethene
[seed] C2H2              E=2695.0  atoms=4 bonds=3  parent=ethyne
[seed] CH4O              E=6480.0  atoms=6 bonds=5  parent=methanol
[seed] CH5N              E=8304.0  atoms=7 bonds=6  parent=methylamine
[seed] CH2O              E=2735.0  atoms=4 bonds=3  parent=formaldehyde
[seed] CH2O2             E=2417.0  atoms=5 bonds=4  parent=formic_acid
[seed] C6H6              E=8059.0  atoms=12 bonds=12  parent=benzene_kekule
[seed] O2S               E=-135.1  atoms=3 bonds=2  parent=SO2
[seed] H3P               E=5394.0  atoms=4 bonds=3  parent=phosphine
[seed] H4Si              E=7374.8  atoms=5 bonds=4  parent=silane
[seed] H2O2              E=3288.0  atoms=4 bonds=3  parent=hydrogen_peroxide
[seed] H4N2              E=6816.0  atoms=6 bonds=5  parent=hydrazine
[seed] CH3Cl             E=4883.0  atoms=5 bonds=4  parent=chloromethane

best seed: CO2 (E=-1328.0)

[novel] CH4N              E=6807.0  atoms=6 bonds=5  parent=methylamine
[novel] H                 E=2270.0  atoms=1 bonds=0  parent=H2
[novel] H3N2              E=5297.0  atoms=5 bonds=4  parent=hydrazine
[novel] Cl                E=270.0  atoms=1 bonds=0  parent=HCl
[novel] CH2FCl            E=2811.0  atoms=5 bonds=4  parent=chloromethane
[novel] CHO2              E=1670.0  atoms=4 bonds=3  parent=formic_acid
[novel] C3H               E=2381.0  atoms=4 bonds=3  parent=ethyne
[novel] OCa               E=-130.2  atoms=2 bonds=1  parent=NO
[novel] F                 E=270.0  atoms=1 bonds=0  parent=HF
[novel] NaCl              E=-486.1  atoms=2 bonds=1  parent=HCl
[novel] H2P               E=3806.0  atoms=3 bonds=2  parent=phosphine
[novel] H3N2P             E=5605.4  atoms=6 bonds=5  parent=hydrazine
[novel] HN                E=2509.0  atoms=2 bonds=1  parent=H2
[novel] CH3NO             E=5042.0  atoms=6 bonds=5  parent=methylamine
[novel] CHFCl             E=1103.4  atoms=4 bonds=3  parent=chloromethane
[novel] HFNa              E=2020.2  atoms=3 bonds=2  parent=H2S
[novel] C2HNO2            E=3118.0  atoms=6 bonds=5  parent=methylamine
[novel] HN2               E=2619.0  atoms=3 bonds=2  parent=hydrazine
[novel] HOK               E=1767.5  atoms=3 bonds=2  parent=water
[novel] CFBr              E=1452.7  atoms=3 bonds=2  parent=HF
[novel] C2HNO             E=3229.0  atoms=5 bonds=4  parent=methylamine
[novel] N                 E=1710.0  atoms=1 bonds=0  parent=H2
[novel] CHNOPK            E=2160.7  atoms=6 bonds=5  parent=methylamine
[novel] H2N               E=3668.0  atoms=3 bonds=2  parent=H2S
[novel] C2HOCl            E=2823.0  atoms=5 bonds=4  parent=methylamine
[novel] CHNOCa            E=1522.2  atoms=5 bonds=4  parent=methylamine
[novel] HCa               E=2004.8  atoms=2 bonds=1  parent=H2
[novel] FSBr              E=135.6  atoms=3 bonds=2  parent=HF
[novel] C2HNMg            E=3228.0  atoms=5 bonds=4  parent=methylamine
[novel] CH3NO2            E=4774.0  atoms=7 bonds=6  parent=methylamine
[novel] CFCl              E=-393.6  atoms=3 bonds=2  parent=chloromethane
[novel] CHNO2             E=2593.0  atoms=5 bonds=4  parent=methylamine
[novel] Mg                E=810.0  atoms=1 bonds=0  parent=H2
[novel] Na                E=270.0  atoms=1 bonds=0  parent=HCl
[novel] CH3N2             E=6522.0  atoms=6 bonds=5  parent=hydrazine
[novel] OF                E=528.2  atoms=2 bonds=1  parent=H2S
[novel] K                 E=270.0  atoms=1 bonds=0  parent=HCl
[novel] Ca                E=810.0  atoms=1 bonds=0  parent=H2
[novel] C3HCa             E=2140.0  atoms=5 bonds=4  parent=ethyne
[novel] C2H2NO            E=3134.0  atoms=6 bonds=5  parent=ethene
[novel] CH3NS             E=6091.0  atoms=6 bonds=5  parent=methylamine
[novel] CH3N              E=6326.0  atoms=5 bonds=4  parent=methane
[novel] Br                E=270.0  atoms=1 bonds=0  parent=H2
[novel] O                 E=810.0  atoms=1 bonds=0  parent=H2
[novel] C2HP              E=1653.4  atoms=4 bonds=3  parent=ethyne
[novel] HO3               E=1785.0  atoms=4 bonds=3  parent=hydrogen_peroxide
[novel] CHFCa             E=1240.1  atoms=4 bonds=3  parent=HF
[novel] KCa               E=102.7  atoms=2 bonds=1  parent=NO
[novel] CNS               E=1660.8  atoms=3 bonds=2  parent=H2S
[novel] C2H               E=2143.0  atoms=3 bonds=2  parent=ethyne
[novel] H2N2              E=5008.4  atoms=4 bonds=3  parent=hydrazine
[novel] CH2NSK            E=4085.9  atoms=6 bonds=5  parent=methylamine
[novel] OS                E=-382.6  atoms=2 bonds=1  parent=NO
[novel] CFCl2             E=-811.6  atoms=4 bonds=3  parent=chloromethane
[novel] C2H5              E=6398.0  atoms=7 bonds=6  parent=ethane
[novel] HO                E=2461.0  atoms=2 bonds=1  parent=ethyne
[novel] ClCa              E=-271.4  atoms=2 bonds=1  parent=HCl
[novel] NNaS              E=-860.7  atoms=3 bonds=2  parent=H2S
[novel] CHN2O2            E=3063.0  atoms=6 bonds=5  parent=methylamine
[novel] CHNO2Ca           E=4037.2  atoms=6 bonds=4  parent=methylamine
[novel] HPBr              E=1814.1  atoms=3 bonds=2  parent=phosphine
[novel] OK                E=-739.5  atoms=2 bonds=1  parent=O2
[novel] N                 E=1710.0  atoms=1 bonds=0  parent=H2
[novel] CH2N3             E=7063.4  atoms=6 bonds=5  parent=hydrazine
[novel] H2N2P             E=3676.8  atoms=5 bonds=4  parent=hydrazine
[novel] HO2S              E=1608.4  atoms=4 bonds=3  parent=hydrogen_peroxide
[novel] FK                E=-947.4  atoms=2 bonds=1  parent=NO
[novel] CH2NOBr           E=3185.3  atoms=6 bonds=5  parent=methylamine
[novel] CCl2              E=-236.6  atoms=3 bonds=2  parent=chloromethane
[novel] C2H4P             E=5793.4  atoms=7 bonds=7  parent=ethane
[novel] CH2NOKBr          E=2235.8  atoms=7 bonds=6  parent=methylamine
[novel] MgClCa            E=-239.0  atoms=3 bonds=2  parent=HCl
[novel] C3HCa2            E=2934.8  atoms=6 bonds=5  parent=ethyne
[novel] HN3               E=3089.0  atoms=4 bonds=3  parent=hydrazine
[novel] C2H5F             E=5823.0  atoms=8 bonds=7  parent=ethane
[novel] CH3NP             E=6656.0  atoms=6 bonds=5  parent=methylamine
[novel] CHN2O             E=1456.0  atoms=5 bonds=4  parent=methylamine
[novel] H2NP              E=5105.0  atoms=4 bonds=3  parent=phosphine
[novel] CH2O2S            E=1244.4  atoms=6 bonds=5  parent=formic_acid
[novel] CH2N              E=3121.0  atoms=4 bonds=3  parent=ethene
[novel] N2P               E=1408.4  atoms=3 bonds=2  parent=hydrazine
[novel] H2FP              E=3268.2  atoms=4 bonds=3  parent=phosphine
[novel] CH2NF             E=3554.0  atoms=5 bonds=4  parent=methylamine
[novel] H2PS              E=3618.6  atoms=4 bonds=3  parent=phosphine
[novel] C3H4N             E=8409.0  atoms=8 bonds=7  parent=ethane
[novel] CHNO2ClCa         E=3320.3  atoms=7 bonds=5  parent=methylamine
[novel] H3Si              E=5733.6  atoms=4 bonds=3  parent=silane
[novel] H2OP              E=4493.0  atoms=4 bonds=3  parent=phosphine
[novel] CHNO2FCa          E=4017.9  atoms=7 bonds=4  parent=methylamine
[novel] CHO               E=-762.0  atoms=3 bonds=2  parent=formic_acid
[novel] H2NS              E=1473.8  atoms=4 bonds=3  parent=ammonia
[novel] CHNF              E=2057.0  atoms=4 bonds=3  parent=methylamine
[novel] O                 E=810.0  atoms=1 bonds=0  parent=HCl
[novel] OMgClCa           E=-645.4  atoms=4 bonds=3  parent=HCl
[novel] COS               E=249.1  atoms=3 bonds=2  parent=CO
[novel] HNCl              E=4279.0  atoms=3 bonds=1  parent=phosphine
[novel] CHNNaSK           E=3668.4  atoms=6 bonds=5  parent=methylamine
[novel] HN2O              E=148.0  atoms=4 bonds=3  parent=hydrazine
[novel] HNF               E=4979.0  atoms=3 bonds=1  parent=hydrazine
[novel] CH                E=1387.0  atoms=2 bonds=1  parent=HCl
[novel] CH2FClCa          E=922.9  atoms=6 bonds=5  parent=chloromethane
[novel] H                 E=270.0  atoms=1 bonds=0  parent=HCl
[novel] NOMgCa            E=-1546.4  atoms=4 bonds=3  parent=HCl
[best ] NOMgCa            E=-1546.4  atoms=4 bonds=3  parent=HCl
[novel] C2HOMgBr          E=2453.6  atoms=6 bonds=5  parent=methylamine
[novel] NFBr              E=4450.0  atoms=3 bonds=0  parent=hydrazine
[novel] Cl2               E=-63.0  atoms=2 bonds=1  parent=chloromethane
[novel] HNaPBr            E=1517.2  atoms=4 bonds=3  parent=phosphine
[novel] NaMgCl            E=-453.7  atoms=3 bonds=2  parent=HCl
[novel] NK                E=238.9  atoms=2 bonds=1  parent=H2
[novel] CS                E=-182.9  atoms=2 bonds=1  parent=CO
[novel] CNO2FCa           E=2397.9  atoms=6 bonds=3  parent=methylamine
[novel] H3PK              E=5991.5  atoms=5 bonds=4  parent=phosphine
[novel] H2PK              E=4403.5  atoms=4 bonds=3  parent=phosphine
[novel] CHNO3Ca           E=3926.2  atoms=7 bonds=5  parent=methylamine
[novel] FNa               E=-892.8  atoms=2 bonds=1  parent=H2S
[novel] CNSCl             E=466.4  atoms=4 bonds=4  parent=H2S
[novel] CH2NO2F           E=3534.8  atoms=7 bonds=6  parent=methylamine
[novel] CHN2              E=2794.0  atoms=4 bonds=3  parent=hydrazine
[novel] H3N2Cl            E=4955.5  atoms=6 bonds=5  parent=hydrazine
[novel] H3N2O             E=5186.0  atoms=6 bonds=5  parent=methylamine
[novel] CO2Br             E=-896.4  atoms=4 bonds=3  parent=CO
[novel] CO                E=101.0  atoms=2 bonds=1  parent=O2
[novel] CHCa              E=368.2  atoms=3 bonds=2  parent=HCl
[novel] CH2OFCa           E=1072.9  atoms=6 bonds=5  parent=chloromethane
[novel] CH3               E=5301.0  atoms=4 bonds=3  parent=methane
[novel] CNO2              E=-471.0  atoms=4 bonds=3  parent=methylamine
[novel] C2H3N             E=5729.0  atoms=6 bonds=5  parent=ethane
[novel] NaPBr2            E=1699.2  atoms=4 bonds=2  parent=phosphine
[novel] CMg               E=301.0  atoms=2 bonds=1  parent=H2
[novel] CH3NOBr           E=4665.9  atoms=7 bonds=6  parent=methylamine
[novel] C2H2N2            E=5940.4  atoms=6 bonds=5  parent=hydrazine
[novel] H3PKBr            E=5947.6  atoms=6 bonds=5  parent=phosphine
[novel] HNOK              E=-334.6  atoms=4 bonds=3  parent=hydrazine
[novel] Ca                E=810.0  atoms=1 bonds=0  parent=H2
[novel] CH2               E=4164.0  atoms=3 bonds=2  parent=methane
[novel] CHNO3Ca           E=2909.2  atoms=7 bonds=5  parent=methylamine
[novel] HOFP              E=1410.2  atoms=4 bonds=3  parent=phosphine
[novel] NKCa              E=-603.0  atoms=3 bonds=2  parent=H2
[novel] C2HNSKBr          E=3405.4  atoms=7 bonds=6  parent=methylamine
[novel] CClCa             E=453.2  atoms=3 bonds=2  parent=H2S
[novel] FCl               E=-138.7  atoms=2 bonds=1  parent=HCl
[novel] CH2FCl2           E=1350.0  atoms=6 bonds=5  parent=chloromethane
[novel] CNO3Ca            E=2462.2  atoms=6 bonds=4  parent=methylamine
[novel] NMgK              E=401.8  atoms=3 bonds=2  parent=H2
[novel] CHNO2FClCa        E=3093.3  atoms=8 bonds=6  parent=methylamine
[novel] H3N4P             E=3552.8  atoms=8 bonds=7  parent=hydrazine
[novel] CN                E=2215.0  atoms=2 bonds=1  parent=H2
[novel] FS                E=-14.4  atoms=2 bonds=1  parent=HF
[novel] CHN2O2S           E=2323.4  atoms=7 bonds=7  parent=methylamine
[novel] CO2NaCa           E=2067.7  atoms=5 bonds=3  parent=methylamine
[novel] OBr               E=73.9  atoms=2 bonds=1  parent=H2
[novel] CHN4              E=4076.0  atoms=6 bonds=4  parent=hydrazine
[novel] C3Ca              E=-763.6  atoms=4 bonds=4  parent=ethyne
[novel] CNF               E=1434.8  atoms=3 bonds=2  parent=H2
[novel] NaBr              E=-386.9  atoms=2 bonds=1  parent=H2
[novel] MgK               E=73.0  atoms=2 bonds=1  parent=H2
[novel] H2OCa             E=4246.6  atoms=4 bonds=3  parent=phosphine
[novel] CH3OBr            E=5949.0  atoms=6 bonds=5  parent=methanol
[novel] KBr               E=-441.4  atoms=2 bonds=1  parent=HCl
[novel] CHNCa             E=1120.2  atoms=4 bonds=3  parent=methylamine
[novel] CHNOF             E=1586.0  atoms=5 bonds=4  parent=methylamine
[novel] NaClBr            E=-651.0  atoms=3 bonds=2  parent=HCl
[novel] CO3Ca             E=1785.2  atoms=5 bonds=3  parent=methylamine
[novel] S                 E=810.0  atoms=1 bonds=0  parent=H2
[novel] C2HN3O            E=5992.0  atoms=7 bonds=5  parent=hydrazine
[novel] OPBr              E=343.9  atoms=3 bonds=2  parent=H2
[novel] NFKCa             E=-1023.2  atoms=4 bonds=3  parent=H2
[novel] NF                E=569.8  atoms=2 bonds=1  parent=H2
[novel] CHN2CaBr          E=5060.2  atoms=6 bonds=3  parent=hydrazine
[novel] OFP               E=522.2  atoms=3 bonds=2  parent=phosphine
[novel] CHONa             E=-597.0  atoms=4 bonds=3  parent=formic_acid
[novel] OF                E=68.2  atoms=2 bonds=1  parent=H2
[novel] Cl                E=270.0  atoms=1 bonds=0  parent=chloromethane
[novel] CF                E=1315.0  atoms=2 bonds=1  parent=methane
[novel] H2Si              E=4452.4  atoms=3 bonds=2  parent=silane
[novel] C2N               E=1690.0  atoms=3 bonds=2  parent=methylamine
[novel] HNOS              E=1805.4  atoms=4 bonds=3  parent=hydrogen_peroxide
[novel] OP                E=720.0  atoms=2 bonds=1  parent=O2
[novel] CHNO              E=1356.0  atoms=4 bonds=3  parent=ethene
[novel] CHNaCa            E=-477.3  atoms=4 bonds=3  parent=HCl
[novel] CN2O2             E=1419.0  atoms=5 bonds=5  parent=methylamine
[novel] SBr               E=83.5  atoms=2 bonds=1  parent=H2
[novel] HFNa2             E=4196.2  atoms=4 bonds=2  parent=hydrazine
[novel] CHONaK            E=-285.0  atoms=5 bonds=4  parent=formic_acid
[novel] N2S               E=905.8  atoms=3 bonds=2  parent=H2S
[novel] HPKBr             E=1352.6  atoms=4 bonds=3  parent=phosphine
[novel] OMg               E=-76.5  atoms=2 bonds=1  parent=HF
[novel] CN2               E=100.0  atoms=3 bonds=2  parent=hydrazine
[novel] HNNaPBr           E=2064.6  atoms=5 bonds=4  parent=phosphine
[novel] CHNP              E=1979.4  atoms=4 bonds=3  parent=methylamine
[novel] CH2NO             E=3905.0  atoms=5 bonds=4  parent=methylamine
[novel] CNCl2             E=88.4  atoms=4 bonds=3  parent=chloromethane
[novel] CHNFCl            E=-361.0  atoms=5 bonds=4  parent=chloromethane
[novel] H2PK2             E=3942.0  atoms=5 bonds=4  parent=phosphine
[novel] HPS               E=2030.6  atoms=3 bonds=2  parent=phosphine
[novel] C2N               E=1288.0  atoms=3 bonds=2  parent=methylamine
[novel] NS                E=-164.2  atoms=2 bonds=1  parent=H2S
[novel] NO2FCa            E=2633.5  atoms=5 bonds=2  parent=methylamine
[novel] C2H3O             E=5836.0  atoms=6 bonds=5  parent=ethane
[novel] HNO               E=2038.0  atoms=3 bonds=2  parent=hydrogen_peroxide
[novel] C2H2NK            E=5189.5  atoms=6 bonds=5  parent=ethane
[novel] C                 E=2970.0  atoms=1 bonds=0  parent=HCl
[novel] N2O2              E=452.0  atoms=4 bonds=3  parent=methylamine
[novel] C3NO              E=2245.0  atoms=5 bonds=4  parent=methylamine
[novel] NaCa              E=-126.7  atoms=2 bonds=1  parent=H2
[novel] FBr               E=-157.9  atoms=2 bonds=1  parent=HF
[novel] NaMgBr            E=-213.4  atoms=3 bonds=2  parent=HCl
[novel] HNBr              E=4979.0  atoms=3 bonds=1  parent=hydrazine
[novel] CHNO2FMgClCa      E=2591.8  atoms=9 bonds=7  parent=methylamine
[novel] CMgCl             E=-477.0  atoms=3 bonds=2  parent=H2
[novel] FCa               E=-678.1  atoms=2 bonds=1  parent=methane
[novel] CNPSK             E=279.4  atoms=5 bonds=4  parent=methylamine
[novel] MgCl2Ca           E=-960.3  atoms=4 bonds=3  parent=HCl
[novel] HP                E=2578.0  atoms=2 bonds=1  parent=phosphine
[novel] CNO2FMgClCa2      E=114.9  atoms=9 bonds=6  parent=methylamine
[novel] C2HNSK            E=3510.5  atoms=6 bonds=5  parent=ethane
[novel] HNK               E=2596.4  atoms=3 bonds=2  parent=methylamine
[novel] NFCa              E=-619.9  atoms=3 bonds=2  parent=HF
[novel] C2P               E=1388.4  atoms=3 bonds=2  parent=methylamine
[novel] CHNSKBr           E=3282.4  atoms=6 bonds=5  parent=methylamine
[novel] CHNONaClCa        E=2741.1  atoms=7 bonds=5  parent=methylamine
[novel] NaClKBr           E=-313.0  atoms=4 bonds=3  parent=phosphine
[novel] C2                E=1006.0  atoms=2 bonds=1  parent=ethyne
[novel] O2Mg              E=-723.0  atoms=3 bonds=2  parent=SO2
[novel] H2N2O             E=3667.0  atoms=5 bonds=4  parent=hydrazine
[novel] HNOMg             E=1709.9  atoms=4 bonds=3  parent=hydrogen_peroxide
[novel] C2HNO2F           E=3240.8  atoms=7 bonds=6  parent=methylamine
[novel] CHN2OFCaBr        E=4364.3  atoms=8 bonds=5  parent=hydrazine
[novel] OClCa             E=-88.2  atoms=3 bonds=2  parent=HCl
[novel] HNOPCa            E=2960.0  atoms=5 bonds=4  parent=phosphine
[novel] CH2N3Ca           E=7211.5  atoms=7 bonds=5  parent=hydrazine
[novel] NNaCl2K2          E=-868.0  atoms=6 bonds=5  parent=phosphine
[novel] CONaCa            E=2095.7  atoms=4 bonds=2  parent=methylamine
[novel] CH2OMgCl          E=1391.0  atoms=6 bonds=5  parent=formic_acid
[novel] HN2FCl            E=2990.5  atoms=5 bonds=4  parent=hydrazine
[novel] CNO2Ca            E=797.2  atoms=5 bonds=4  parent=methylamine
[novel] PKBr              E=-235.4  atoms=3 bonds=2  parent=phosphine
[novel] H3OSi             E=5435.8  atoms=5 bonds=4  parent=silane
[novel] H2N2OK            E=2915.9  atoms=6 bonds=5  parent=methylamine
[novel] CHN3O             E=2726.0  atoms=6 bonds=4  parent=hydrazine
[novel] CP                E=565.4  atoms=2 bonds=1  parent=methylamine
[novel] H2OPS             E=3708.6  atoms=5 bonds=4  parent=phosphine
[novel] HNOFP             E=2078.6  atoms=5 bonds=4  parent=phosphine
[novel] CHNFCa            E=1027.0  atoms=5 bonds=4  parent=ethyne
[novel] CNaCa             E=385.7  atoms=3 bonds=2  parent=HCl
[novel] CH2N2O            E=2570.0  atoms=6 bonds=5  parent=methylamine
[novel] C2OClBr           E=956.6  atoms=5 bonds=4  parent=methylamine
[novel] CO2ClBr           E=-885.6  atoms=5 bonds=4  parent=CO
[novel] CHN               E=-16.0  atoms=3 bonds=2  parent=hydrazine
[novel] CHNMg             E=1063.0  atoms=4 bonds=3  parent=methylamine
[novel] ONaK              E=-480.1  atoms=3 bonds=2  parent=NO
[novel] C2HN2OS           E=5327.8  atoms=7 bonds=5  parent=hydrazine
[novel] N2Na              E=403.4  atoms=3 bonds=2  parent=H2S
[novel] FClCa             E=-320.1  atoms=3 bonds=2  parent=HCl
[novel] C2ClCa            E=1055.2  atoms=4 bonds=3  parent=H2S
[novel] PBr               E=-13.9  atoms=2 bonds=1  parent=H2
[novel] C2Ca              E=102.2  atoms=3 bonds=2  parent=ethyne
[novel] ClKBr             E=-16.1  atoms=3 bonds=2  parent=phosphine
[novel] HN2OFCl           E=2879.5  atoms=6 bonds=5  parent=hydrazine
[novel] NSK               E=-315.3  atoms=3 bonds=2  parent=H2
[novel] CN2NaSK           E=1262.2  atoms=6 bonds=5  parent=methylamine
[novel] H2NK              E=2265.5  atoms=4 bonds=3  parent=phosphine
[novel] CHN2O2PS          E=2279.1  atoms=8 bonds=8  parent=methylamine
[novel] COFS              E=-232.7  atoms=4 bonds=3  parent=CO
[novel] CNO2S             E=1066.4  atoms=5 bonds=4  parent=formic_acid
[novel] CHNOBr            E=2144.9  atoms=5 bonds=4  parent=methylamine
[novel] CHK               E=158.9  atoms=3 bonds=2  parent=HCl
[novel] CNOPClK           E=-564.3  atoms=6 bonds=5  parent=methylamine
[novel] CH3S              E=5819.0  atoms=5 bonds=4  parent=methane
[novel] PS                E=-157.4  atoms=2 bonds=1  parent=NO
[novel] CNa               E=1404.5  atoms=2 bonds=1  parent=methane
[novel] HO2K              E=-1108.5  atoms=4 bonds=3  parent=hydrogen_peroxide
[novel] CFMgBr            E=1718.4  atoms=4 bonds=3  parent=HF
[novel] N3                E=592.0  atoms=3 bonds=2  parent=hydrazine
[novel] CN2O2Ca           E=738.8  atoms=6 bonds=6  parent=methylamine
[novel] NSCl              E=-505.7  atoms=3 bonds=2  parent=H2S
[novel] CNOF              E=1545.2  atoms=4 bonds=3  parent=formic_acid
[novel] CN2F              E=885.0  atoms=4 bonds=3  parent=methylamine
[novel] CHN3S             E=2776.7  atoms=6 bonds=3  parent=hydrazine
[novel] OFS               E=-164.4  atoms=3 bonds=2  parent=HF
[novel] NPS               E=744.2  atoms=3 bonds=2  parent=phosphine
[novel] CO3P              E=2439.4  atoms=5 bonds=3  parent=methylamine
[novel] Na2               E=640.0  atoms=2 bonds=1  parent=methane
[novel] HOFPCl            E=1347.0  atoms=5 bonds=4  parent=phosphine
[novel] H2NCl             E=1326.5  atoms=4 bonds=3  parent=phosphine
[novel] HN2NaK            E=-1188.7  atoms=5 bonds=4  parent=methylamine
[novel] NNa               E=293.4  atoms=2 bonds=1  parent=HCl
[novel] HF                E=1583.0  atoms=2 bonds=1  parent=HF
[novel] HO2               E=1841.0  atoms=3 bonds=2  parent=hydrogen_peroxide
[novel] Mg2Cl             E=-85.2  atoms=3 bonds=2  parent=HCl
[novel] C2H4N             E=5763.0  atoms=7 bonds=7  parent=ethane
[novel] HCa               E=2004.8  atoms=2 bonds=1  parent=phosphine
[novel] H3N2O2            E=3130.0  atoms=7 bonds=6  parent=hydrazine
[novel] NP                E=-21.6  atoms=2 bonds=1  parent=H2S
[novel] H2N2Ca            E=5445.5  atoms=5 bonds=5  parent=hydrazine
[novel] CHNO3KCa          E=2561.9  atoms=8 bonds=6  parent=methylamine
[novel] CH2N3O            E=6005.4  atoms=7 bonds=5  parent=hydrazine
[novel] CHO2Cl            E=502.0  atoms=5 bonds=4  parent=formic_acid
[novel] ONaBr             E=-821.0  atoms=3 bonds=2  parent=H2
[novel] O2Cl              E=857.1  atoms=3 bonds=2  parent=hydrogen_peroxide
[novel] C3HNSK            E=4375.5  atoms=7 bonds=6  parent=ethane
[novel] KBr2              E=-616.9  atoms=3 bonds=2  parent=H2
[novel] CHN3NaCl          E=3857.0  atoms=7 bonds=5  parent=hydrazine
[novel] CNPKCa            E=-106.5  atoms=5 bonds=4  parent=methylamine
[novel] CH2FS             E=3647.0  atoms=5 bonds=4  parent=methane
[novel] C2H2N             E=5129.0  atoms=5 bonds=5  parent=ethane
[novel] HN                E=509.0  atoms=2 bonds=1  parent=phosphine
[novel] CH2N2P            E=964.2  atoms=6 bonds=6  parent=hydrazine
[novel] ONa               E=-445.0  atoms=2 bonds=1  parent=HCl
[novel] NaSCaBr           E=-962.2  atoms=4 bonds=3  parent=HCl
[novel] C2HCaBr           E=-885.2  atoms=5 bonds=4  parent=HCl
[novel] HPK               E=2348.0  atoms=3 bonds=1  parent=phosphine
[novel] NaCaBr            E=-183.6  atoms=3 bonds=2  parent=H2
[novel] CNO               E=1227.0  atoms=3 bonds=2  parent=formic_acid
[novel] CHN3O2            E=2419.0  atoms=7 bonds=6  parent=methylamine
[novel] ClBr              E=40.8  atoms=2 bonds=1  parent=H2
[novel] ONaClKCa          E=-633.7  atoms=5 bonds=4  parent=NO
[novel] CHN2P             E=-145.2  atoms=5 bonds=5  parent=hydrazine
[novel] HK                E=507.5  atoms=2 bonds=1  parent=HCl
[novel] C2NO2F            E=1743.8  atoms=6 bonds=5  parent=methylamine
[novel] CHNO2FNaClCa      E=2421.8  atoms=9 bonds=7  parent=methylamine
[novel] HSi               E=3531.2  atoms=2 bonds=1  parent=silane
[novel] CNO2NaMgClCa      E=1187.3  atoms=8 bonds=6  parent=methylamine
[novel] C2H2O             E=3999.0  atoms=5 bonds=4  parent=ethane
[novel] CHNOFK            E=834.9  atoms=6 bonds=5  parent=methylamine
[novel] C2NOCa            E=538.2  atoms=5 bonds=4  parent=methylamine
[novel] CNKCa             E=-514.9  atoms=4 bonds=3  parent=methylamine
[novel] HCa2              E=4314.8  atoms=3 bonds=1  parent=phosphine
[novel] MgClCa            E=-331.1  atoms=3 bonds=2  parent=H2
[novel] HNO2              E=270.0  atoms=4 bonds=3  parent=hydrogen_peroxide
[novel] Ca2               E=-300.0  atoms=2 bonds=1  parent=H2
[novel] NO2K              E=-288.1  atoms=4 bonds=3  parent=H2
[novel] CH3NFS            E=2956.6  atoms=7 bonds=6  parent=methylamine
[novel] C2H2N2O           E=6164.4  atoms=7 bonds=5  parent=hydrazine
[novel] CH2NONaClCa       E=4188.1  atoms=8 bonds=6  parent=methylamine
[novel] HN2Cl             E=2617.5  atoms=4 bonds=3  parent=hydrazine
[novel] CH2FCa            E=1340.9  atoms=5 bonds=4  parent=chloromethane
[novel] C5H5SBr           E=8262.3  atoms=12 bonds=12  parent=benzene_kekule
[novel] MgBr              E=-38.4  atoms=2 bonds=1  parent=H2
[novel] CH2F2Ca           E=212.8  atoms=6 bonds=5  parent=chloromethane
[novel] CNaMgCl           E=-873.1  atoms=4 bonds=3  parent=H2
[novel] C2H3              E=3376.4  atoms=5 bonds=4  parent=ethene
[novel] CHNO3FClCa        E=2798.1  atoms=9 bonds=7  parent=methylamine
[novel] CH2N2OBr          E=3633.3  atoms=7 bonds=6  parent=methylamine
[novel] CH2NOP            E=5026.0  atoms=6 bonds=5  parent=methylamine
[novel] N2O2Ca            E=-228.2  atoms=5 bonds=4  parent=methylamine
[novel] CSCl              E=773.4  atoms=3 bonds=3  parent=CO
[novel] C2HN2             E=-393.0  atoms=5 bonds=5  parent=hydrazine
[novel] HNaK              E=-162.5  atoms=3 bonds=2  parent=HCl
[novel] HNKCa             E=-1084.0  atoms=4 bonds=3  parent=methylamine
[novel] COMg              E=1095.5  atoms=3 bonds=2  parent=HCl
[novel] ONaCa             E=-1125.2  atoms=3 bonds=2  parent=HCl
[novel] FNa3              E=1980.0  atoms=4 bonds=1  parent=hydrazine
[novel] C3NCa             E=2214.2  atoms=5 bonds=4  parent=methylamine
[novel] C2HN              E=3632.0  atoms=4 bonds=4  parent=ethane
[novel] C2H2N3O           E=6274.4  atoms=8 bonds=6  parent=hydrazine
[novel] FMgClBr           E=118.6  atoms=4 bonds=3  parent=HF
[novel] C2H2NBr           E=4399.6  atoms=6 bonds=6  parent=ethane
[novel] NO2               E=-358.0  atoms=3 bonds=2  parent=NO
[novel] CH2OMgKBr         E=2276.6  atoms=7 bonds=6  parent=methylamine
[novel] NaBr2             E=1383.1  atoms=3 bonds=1  parent=phosphine
[novel] C2HONa            E=2016.5  atoms=5 bonds=4  parent=ethane
[novel] CNK               E=1103.9  atoms=3 bonds=2  parent=HCl
[novel] Mg2               E=300.0  atoms=2 bonds=1  parent=methane
[novel] N                 E=1710.0  atoms=1 bonds=0  parent=phosphine
[novel] HFS               E=2386.0  atoms=3 bonds=2  parent=methylamine
[novel] H2Ca              E=4379.6  atoms=3 bonds=2  parent=phosphine
[novel] OFK               E=-881.4  atoms=3 bonds=2  parent=HF
[novel] MgSClCa           E=-603.0  atoms=4 bonds=3  parent=H2
[novel] CNONa             E=381.5  atoms=4 bonds=3  parent=formic_acid
[novel] CHNO3Mg2ClCa      E=2798.2  atoms=10 bonds=8  parent=methylamine
[novel] HN2ClCa           E=2814.6  atoms=5 bonds=5  parent=hydrazine
[novel] HNOBr             E=1661.9  atoms=4 bonds=3  parent=methylamine
[novel] CO3NaP            E=1544.5  atoms=6 bonds=4  parent=methylamine
[novel] ClBr              E=-79.2  atoms=2 bonds=1  parent=CO
[novel] NO2MgCa           E=-221.3  atoms=5 bonds=4  parent=methylamine
[novel] CH2O2SCa          E=2039.2  atoms=7 bonds=6  parent=formic_acid
[novel] CHNOP             E=2656.0  atoms=5 bonds=4  parent=methylamine
[novel] CH2NOK            E=2771.9  atoms=6 bonds=5  parent=methylamine
[novel] C2OMg             E=2025.4  atoms=4 bonds=3  parent=methylamine
[novel] HNO2P             E=2346.4  atoms=5 bonds=4  parent=phosphine
[novel] HNOS              E=1805.4  atoms=4 bonds=3  parent=hydrogen_peroxide
[novel] HN2FClBr          E=2652.8  atoms=6 bonds=5  parent=hydrazine
[novel] HN2NaPBr          E=2174.6  atoms=6 bonds=5  parent=phosphine
[novel] HOF2PCl           E=965.2  atoms=6 bonds=5  parent=phosphine
[novel] OCa2              E=-620.2  atoms=3 bonds=2  parent=H2
[novel] FNaMgClCa         E=-868.2  atoms=5 bonds=4  parent=H2
[novel] HO                E=1897.0  atoms=2 bonds=1  parent=water
[novel] CH2F              E=1229.0  atoms=4 bonds=3  parent=chloromethane
[novel] H2N4P             E=2033.8  atoms=7 bonds=6  parent=hydrazine
[novel] CH2NPBr           E=4799.3  atoms=6 bonds=5  parent=methylamine
[novel] CHO2FNaKCa        E=2496.7  atoms=8 bonds=4  parent=methylamine
[novel] H3N2P             E=6665.0  atoms=6 bonds=5  parent=hydrazine
[novel] H2NO2K            E=3502.9  atoms=6 bonds=5  parent=methylamine
[novel] H4NCl             E=8756.0  atoms=6 bonds=4  parent=hydrazine
[novel] CNa               E=1404.5  atoms=2 bonds=1  parent=methylamine
[novel] HOP               E=1348.0  atoms=3 bonds=2  parent=phosphine
[novel] CH2N2O2           E=3725.0  atoms=7 bonds=6  parent=methylamine
[novel] HKBr              E=1456.1  atoms=3 bonds=2  parent=H2
[novel] C2H5              E=8997.4  atoms=7 bonds=6  parent=ethane
[novel] NBr               E=652.3  atoms=2 bonds=1  parent=H2
[novel] H2FNaP            E=1177.2  atoms=5 bonds=4  parent=phosphine
[novel] N3O               E=121.0  atoms=4 bonds=3  parent=hydrazine
[novel] C2N2O             E=1310.0  atoms=5 bonds=4  parent=ethane
[novel] N4                E=1062.0  atoms=4 bonds=3  parent=hydrazine
[novel] MgS               E=178.1  atoms=2 bonds=1  parent=methane
[novel] NaSClCa           E=-1061.4  atoms=4 bonds=3  parent=HCl
[novel] NOCa              E=37.2  atoms=3 bonds=2  parent=methylamine
[novel] CH2NOPS           E=4910.0  atoms=7 bonds=6  parent=methylamine
[novel] CHNO2Cl           E=1631.0  atoms=6 bonds=5  parent=methylamine
[novel] ONaMgCa           E=-1151.2  atoms=4 bonds=3  parent=H2
[novel] NOMgKCa           E=-1203.4  atoms=5 bonds=4  parent=HCl
[novel] Si                E=2970.0  atoms=1 bonds=0  parent=silane
[novel] Na2SCaBr          E=-1127.1  atoms=5 bonds=4  parent=HCl
[novel] COFS2             E=311.3  atoms=5 bonds=4  parent=CO
[novel] MgK               E=73.0  atoms=2 bonds=1  parent=H2
[novel] CCa               E=271.2  atoms=2 bonds=1  parent=HCl
[novel] C2HSK             E=2614.6  atoms=5 bonds=4  parent=ethane
[novel] NOP               E=-291.6  atoms=3 bonds=2  parent=O2
[novel] PKBr2             E=-639.4  atoms=4 bonds=3  parent=phosphine
[novel] CHOMgBr           E=1281.6  atoms=5 bonds=4  parent=methylamine
[novel] CaBr              E=-172.2  atoms=2 bonds=1  parent=CO
[novel] HNOPS             E=2106.4  atoms=5 bonds=4  parent=phosphine
[novel] CNO2FNaClCa2      E=317.9  atoms=9 bonds=6  parent=methylamine
[novel] CHN2O2PSCa        E=2180.3  atoms=9 bonds=8  parent=methylamine
[novel] HOS               E=2700.0  atoms=3 bonds=2  parent=methylamine
[novel] F2Cl              E=-187.4  atoms=3 bonds=2  parent=HCl
[novel] HNCa              E=4819.0  atoms=3 bonds=1  parent=phosphine
[novel] CHOMgCl           E=-1116.0  atoms=5 bonds=4  parent=formic_acid
[novel] C2H3K             E=2268.9  atoms=6 bonds=5  parent=ethene
[novel] C2H5F2            E=6659.0  atoms=9 bonds=8  parent=ethane
[novel] COFNa             E=34.6  atoms=4 bonds=3  parent=HF
[novel] CHF2NaCa          E=-794.4  atoms=6 bonds=5  parent=HCl
[novel] CK                E=421.9  atoms=2 bonds=1  parent=CO
[novel] CNO2FBr           E=401.7  atoms=6 bonds=5  parent=methylamine
[novel] CN2O3Mg2ClCa      E=236.5  atoms=10 bonds=8  parent=methylamine
[novel] C2H4Ca            E=7201.6  atoms=7 bonds=6  parent=ethane
[novel] C2H4Na            E=8074.9  atoms=7 bonds=6  parent=ethane
[novel] HNOMgK            E=188.4  atoms=5 bonds=4  parent=hydrazine
[novel] NOF               E=1427.9  atoms=3 bonds=2  parent=hydrazine
[novel] CNO2K             E=4.9  atoms=5 bonds=4  parent=methylamine
[novel] C2N2OS            E=1115.8  atoms=6 bonds=5  parent=ethane
[novel] CHN2PBr           E=2759.8  atoms=6 bonds=5  parent=methylamine
[novel] HN2P              E=3829.0  atoms=4 bonds=2  parent=hydrazine
[novel] CNOS              E=-345.0  atoms=4 bonds=3  parent=methylamine
[novel] C2HNOMgBr         E=2758.6  atoms=7 bonds=6  parent=methylamine
[novel] HF2S              E=1921.6  atoms=4 bonds=3  parent=methylamine
[novel] CHONaClK          E=-1289.1  atoms=6 bonds=5  parent=formic_acid
[novel] HNPS              E=3164.8  atoms=4 bonds=2  parent=hydrazine
[novel] COMgK             E=1657.4  atoms=4 bonds=3  parent=methylamine
[novel] OFPCl             E=-601.0  atoms=4 bonds=3  parent=phosphine
[novel] CN2O3Mg2ClCa2     E=181.8  atoms=11 bonds=9  parent=methylamine
[novel] C2HOMg2Br         E=1464.5  atoms=7 bonds=6  parent=methylamine
[novel] CNFCa             E=1546.7  atoms=4 bonds=3  parent=H2
[novel] K2                E=-60.0  atoms=2 bonds=1  parent=HCl
[novel] N2FBr             E=2011.8  atoms=4 bonds=3  parent=hydrazine
[novel] H2N4F             E=2716.5  atoms=7 bonds=6  parent=hydrazine
[novel] OBr2              E=-302.2  atoms=3 bonds=2  parent=H2
[novel] CNaS              E=31.6  atoms=3 bonds=2  parent=CO
[novel] CNO3NaClCa        E=843.1  atoms=8 bonds=6  parent=methylamine
[novel] CMgClK            E=216.3  atoms=4 bonds=3  parent=HCl
[novel] CH2NONaP          E=3096.4  atoms=7 bonds=6  parent=methylamine
[novel] C3H4F             E=5509.0  atoms=8 bonds=7  parent=ethane
[novel] C2H3O2            E=4067.0  atoms=7 bonds=6  parent=ethane
[novel] H2NP              E=3785.4  atoms=4 bonds=3  parent=methylamine
[novel] HNa               E=1818.1  atoms=2 bonds=1  parent=silane
[novel] CHN2OS            E=169.0  atoms=6 bonds=5  parent=methylamine
[novel] CN2OPS            E=675.3  atoms=6 bonds=5  parent=ethane
[novel] CO2MgK            E=1029.4  atoms=5 bonds=4  parent=methylamine
[novel] C                 E=2970.0  atoms=1 bonds=0  parent=silane
[novel] F2PClK            E=977.5  atoms=5 bonds=3  parent=phosphine
[novel] SiP               E=2252.2  atoms=2 bonds=1  parent=silane
[novel] CH3O              E=3033.0  atoms=5 bonds=4  parent=methanol
[novel] NMg               E=661.9  atoms=2 bonds=1  parent=H2
[novel] CONaClCa          E=1378.8  atoms=5 bonds=3  parent=methylamine
[novel] C2H2F2Ca          E=265.1  atoms=7 bonds=6  parent=chloromethane
[novel] CHNMgK            E=846.9  atoms=5 bonds=4  parent=methylamine
[novel] C2HN2O            E=3637.0  atoms=6 bonds=5  parent=ethane
[novel] OPCl              E=-303.1  atoms=3 bonds=2  parent=phosphine
[novel] ONaPBr2           E=1863.1  atoms=5 bonds=3  parent=phosphine
[novel] ClK               E=-540.6  atoms=2 bonds=1  parent=phosphine
[novel] FCaBr             E=-1180.2  atoms=3 bonds=2  parent=H2
[novel] CN3Ca             E=438.2  atoms=5 bonds=4  parent=hydrazine
[novel] CO3MgK            E=1440.5  atoms=6 bonds=4  parent=methylamine
[novel] NCa               E=-451.8  atoms=2 bonds=1  parent=HCl
[best ] OFNa2             E=-1818.7  atoms=4 bonds=3  parent=H2S
[best ] CHO2K             E=-1979.5  atoms=5 bonds=4  parent=formic_acid
[best ] CNO4FNaClCa       E=-2097.2  atoms=10 bonds=10  parent=methylamine
[best ] CNO4FNaMgClCa     E=-2498.6  atoms=11 bonds=11  parent=methylamine
[best ] C3HNO2MgKBr       E=-2774.6  atoms=10 bonds=9  parent=methylamine
[best ] C3HNO2MgSKBr      E=-3409.5  atoms=11 bonds=10  parent=methylamine
[best ] C3HNO2MgSKBr2     E=-3601.0  atoms=12 bonds=11  parent=methylamine
[best ] C3HNO2MgSKBr2     E=-3639.4  atoms=12 bonds=12  parent=methylamine
[best ] CN2OF2NaKCa       E=-3904.1  atoms=9 bonds=9  parent=methylamine
[best ] CNOF2ClK2Ca3      E=-4038.2  atoms=11 bonds=10  parent=ethane
[best ] CNOF2ClK2Ca3      E=-4194.2  atoms=11 bonds=11  parent=ethane
[best ] O2F2NaCa3         E=-4531.8  atoms=8 bonds=7  parent=methylamine
[best ] CNOF2MgClCa4      E=-4833.8  atoms=11 bonds=11  parent=methylamine
[best ] COF3MgClCa5       E=-4850.6  atoms=12 bonds=12  parent=methylamine
[best ] COF3MgClCa5       E=-4883.2  atoms=12 bonds=11  parent=methylamine
[best ] COF3MgClCa5Br     E=-5027.6  atoms=13 bonds=12  parent=methylamine
[best ] COF4MgClCa5Br     E=-5520.6  atoms=14 bonds=13  parent=methylamine
[best ] COF4MgClKCa5Br    E=-5547.1  atoms=15 bonds=14  parent=methylamine
[best ] O4FKCa4           E=-5720.6  atoms=10 bonds=11  parent=water
[best ] O4FKCa4           E=-5848.3  atoms=10 bonds=10  parent=water
[best ] CNO4F2NaMgCa3Br   E=-5936.4  atoms=14 bonds=14  parent=methylamine
[best ] CNO4FNaMgCa3Br    E=-5985.1  atoms=13 bonds=13  parent=methylamine
[best ] O4FKCa5Br         E=-6401.4  atoms=12 bonds=11  parent=water
[best ] O5FKCa5           E=-6459.5  atoms=12 bonds=11  parent=water
[best ] CNO4FNaMg2Ca3Br   E=-6573.1  atoms=14 bonds=15  parent=methylamine
[best ] O5FKCa5Br         E=-6650.0  atoms=13 bonds=12  parent=water
[best ] O5FKCa5           E=-6699.5  atoms=12 bonds=11  parent=water
[best ] O5FKCa5Br         E=-6736.7  atoms=13 bonds=12  parent=water
[best ] O5FKCa5Br         E=-6779.8  atoms=13 bonds=13  parent=water
[best ] CNO6MgKCa5        E=-6813.6  atoms=15 bonds=17  parent=phosphine
[best ] O7NaK2Ca5         E=-7072.7  atoms=15 bonds=14  parent=phosphine
[best ] O7NaK2Ca5Br       E=-7073.8  atoms=16 bonds=15  parent=phosphine

--- summary ---
iters=800000  accepted=120600  rejected=679400  novel=485  pop=512
global best E=-7073.8
